[0.378s] DEBUG:colcon:Command line arguments: ['/usr/bin/colcon', 'build']
[0.378s] DEBUG:colcon:Parsed command line arguments: Namespace(log_base=None, log_level=None, verb_name='build', build_base='build', install_base='install', merge_install=False, symlink_install=False, test_result_base=None, continue_on_error=False, executor='parallel', parallel_workers=16, event_handlers=None, ignore_user_meta=False, metas=['./colcon.meta'], base_paths=['.'], packages_ignore=None, packages_ignore_regex=None, paths=None, packages_up_to=None, packages_up_to_regex=None, packages_above=None, packages_above_and_dependencies=None, packages_above_depth=None, packages_select_by_dep=None, packages_skip_by_dep=None, packages_skip_up_to=None, packages_select_build_failed=False, packages_skip_build_finished=False, packages_select_test_failures=False, packages_skip_test_passed=False, packages_select=None, packages_skip=None, packages_select_regex=None, packages_skip_regex=None, packages_start=None, packages_end=None, cmake_args=None, cmake_target=None, cmake_target_skip_unavailable=False, cmake_clean_cache=False, cmake_clean_first=False, cmake_force_configure=False, ament_cmake_args=None, catkin_cmake_args=None, catkin_skip_building_tests=False, mixin_files=None, mixin=None, verb_parser=<colcon_mixin.mixin.mixin_argument.MixinArgumentDecorator object at 0x796cf6f87970>, verb_extension=<colcon_core.verb.build.BuildVerb object at 0x796cf6f87430>, main=<bound method BuildVerb.main of <colcon_core.verb.build.BuildVerb object at 0x796cf6f87430>>, mixin_verb=('build',))
[0.681s] Level 1:colcon.colcon_core.package_discovery:discover_packages(colcon_meta) check parameters
[0.682s] INFO:colcon.colcon_metadata.package_discovery.colcon_meta:Using configuration from '/root/.colcon/metadata/default/Gazebo.meta'
[0.683s] INFO:colcon.colcon_metadata.package_discovery.colcon_meta:Using configuration from '/root/.colcon/metadata/default/fastdds.meta'
[0.684s] INFO:colcon.colcon_metadata.package_discovery.colcon_meta:Using configuration from '/root/.colcon/metadata/default/fastrtps.meta'
[0.684s] Level 1:colcon.colcon_core.package_discovery:discover_packages(recursive) check parameters
[0.684s] Level 1:colcon.colcon_core.package_discovery:discover_packages(ignore) check parameters
[0.684s] Level 1:colcon.colcon_core.package_discovery:discover_packages(path) check parameters
[0.684s] Level 1:colcon.colcon_core.package_discovery:discover_packages(colcon_meta) discover
[0.684s] Level 1:colcon.colcon_core.package_discovery:discover_packages(recursive) discover
[0.684s] INFO:colcon.colcon_core.package_discovery:Crawling recursively for packages in '/home/px4/ros2/ws'
[0.685s] Level 1:colcon.colcon_core.package_identification:_identify(.) by extensions ['ignore', 'ignore_ament_install']
[0.685s] Level 1:colcon.colcon_core.package_identification:_identify(.) by extension 'ignore'
[0.685s] Level 1:colcon.colcon_core.package_identification:_identify(.) by extension 'ignore_ament_install'
[0.685s] Level 1:colcon.colcon_core.package_identification:_identify(.) by extensions ['colcon_pkg']
[0.685s] Level 1:colcon.colcon_core.package_identification:_identify(.) by extension 'colcon_pkg'
[0.685s] Level 1:colcon.colcon_core.package_identification:_identify(.) by extensions ['colcon_meta']
[0.685s] Level 1:colcon.colcon_core.package_identification:_identify(.) by extension 'colcon_meta'
[0.685s] Level 1:colcon.colcon_core.package_identification:_identify(.) by extensions ['ros']
[0.685s] Level 1:colcon.colcon_core.package_identification:_identify(.) by extension 'ros'
[0.719s] Level 1:colcon.colcon_core.package_identification:_identify(.) by extensions ['cmake', 'python']
[0.719s] Level 1:colcon.colcon_core.package_identification:_identify(.) by extension 'cmake'
[0.719s] Level 1:colcon.colcon_core.package_identification:_identify(.) by extension 'python'
[0.719s] Level 1:colcon.colcon_core.package_identification:_identify(.) by extensions ['python_setup_py']
[0.719s] Level 1:colcon.colcon_core.package_identification:_identify(.) by extension 'python_setup_py'
[0.719s] Level 1:colcon.colcon_core.package_identification:_identify(build) by extensions ['ignore', 'ignore_ament_install']
[0.719s] Level 1:colcon.colcon_core.package_identification:_identify(build) by extension 'ignore'
[0.719s] Level 1:colcon.colcon_core.package_identification:_identify(build) ignored
[0.720s] Level 1:colcon.colcon_core.package_identification:_identify(install) by extensions ['ignore', 'ignore_ament_install']
[0.720s] Level 1:colcon.colcon_core.package_identification:_identify(install) by extension 'ignore'
[0.720s] Level 1:colcon.colcon_core.package_identification:_identify(install) ignored
[0.720s] Level 1:colcon.colcon_core.package_identification:_identify(log) by extensions ['ignore', 'ignore_ament_install']
[0.720s] Level 1:colcon.colcon_core.package_identification:_identify(log) by extension 'ignore'
[0.720s] Level 1:colcon.colcon_core.package_identification:_identify(log) ignored
[0.720s] Level 1:colcon.colcon_core.package_identification:_identify(src) by extensions ['ignore', 'ignore_ament_install']
[0.720s] Level 1:colcon.colcon_core.package_identification:_identify(src) by extension 'ignore'
[0.721s] Level 1:colcon.colcon_core.package_identification:_identify(src) by extension 'ignore_ament_install'
[0.721s] Level 1:colcon.colcon_core.package_identification:_identify(src) by extensions ['colcon_pkg']
[0.721s] Level 1:colcon.colcon_core.package_identification:_identify(src) by extension 'colcon_pkg'
[0.721s] Level 1:colcon.colcon_core.package_identification:_identify(src) by extensions ['colcon_meta']
[0.721s] Level 1:colcon.colcon_core.package_identification:_identify(src) by extension 'colcon_meta'
[0.721s] Level 1:colcon.colcon_core.package_identification:_identify(src) by extensions ['ros']
[0.721s] Level 1:colcon.colcon_core.package_identification:_identify(src) by extension 'ros'
[0.722s] Level 1:colcon.colcon_core.package_identification:_identify(src) by extensions ['cmake', 'python']
[0.722s] Level 1:colcon.colcon_core.package_identification:_identify(src) by extension 'cmake'
[0.722s] Level 1:colcon.colcon_core.package_identification:_identify(src) by extension 'python'
[0.722s] Level 1:colcon.colcon_core.package_identification:_identify(src) by extensions ['python_setup_py']
[0.722s] Level 1:colcon.colcon_core.package_identification:_identify(src) by extension 'python_setup_py'
[0.722s] Level 1:colcon.colcon_core.package_identification:_identify(src/dron_nav_pkg) by extensions ['ignore', 'ignore_ament_install']
[0.722s] Level 1:colcon.colcon_core.package_identification:_identify(src/dron_nav_pkg) by extension 'ignore'
[0.722s] Level 1:colcon.colcon_core.package_identification:_identify(src/dron_nav_pkg) by extension 'ignore_ament_install'
[0.723s] Level 1:colcon.colcon_core.package_identification:_identify(src/dron_nav_pkg) by extensions ['colcon_pkg']
[0.723s] Level 1:colcon.colcon_core.package_identification:_identify(src/dron_nav_pkg) by extension 'colcon_pkg'
[0.723s] Level 1:colcon.colcon_core.package_identification:_identify(src/dron_nav_pkg) by extensions ['colcon_meta']
[0.723s] Level 1:colcon.colcon_core.package_identification:_identify(src/dron_nav_pkg) by extension 'colcon_meta'
[0.723s] Level 1:colcon.colcon_core.package_identification:_identify(src/dron_nav_pkg) by extensions ['ros']
[0.723s] Level 1:colcon.colcon_core.package_identification:_identify(src/dron_nav_pkg) by extension 'ros'
[0.727s] DEBUG:colcon.colcon_core.package_identification:Package 'src/dron_nav_pkg' with type 'ros.ament_python' and name 'dron_nav_pkg'
[0.727s] Level 1:colcon.colcon_core.package_identification:_identify(src/px4_msgs) by extensions ['ignore', 'ignore_ament_install']
[0.728s] Level 1:colcon.colcon_core.package_identification:_identify(src/px4_msgs) by extension 'ignore'
[0.728s] Level 1:colcon.colcon_core.package_identification:_identify(src/px4_msgs) by extension 'ignore_ament_install'
[0.728s] Level 1:colcon.colcon_core.package_identification:_identify(src/px4_msgs) by extensions ['colcon_pkg']
[0.728s] Level 1:colcon.colcon_core.package_identification:_identify(src/px4_msgs) by extension 'colcon_pkg'
[0.728s] Level 1:colcon.colcon_core.package_identification:_identify(src/px4_msgs) by extensions ['colcon_meta']
[0.728s] Level 1:colcon.colcon_core.package_identification:_identify(src/px4_msgs) by extension 'colcon_meta'
[0.728s] Level 1:colcon.colcon_core.package_identification:_identify(src/px4_msgs) by extensions ['ros']
[0.728s] Level 1:colcon.colcon_core.package_identification:_identify(src/px4_msgs) by extension 'ros'
[0.729s] DEBUG:colcon.colcon_core.package_identification:Package 'src/px4_msgs' with type 'ros.ament_cmake' and name 'px4_msgs'
[0.729s] Level 1:colcon.colcon_core.package_identification:_identify(src/px4_ros_com) by extensions ['ignore', 'ignore_ament_install']
[0.730s] Level 1:colcon.colcon_core.package_identification:_identify(src/px4_ros_com) by extension 'ignore'
[0.730s] Level 1:colcon.colcon_core.package_identification:_identify(src/px4_ros_com) by extension 'ignore_ament_install'
[0.730s] Level 1:colcon.colcon_core.package_identification:_identify(src/px4_ros_com) by extensions ['colcon_pkg']
[0.730s] Level 1:colcon.colcon_core.package_identification:_identify(src/px4_ros_com) by extension 'colcon_pkg'
[0.730s] Level 1:colcon.colcon_core.package_identification:_identify(src/px4_ros_com) by extensions ['colcon_meta']
[0.730s] Level 1:colcon.colcon_core.package_identification:_identify(src/px4_ros_com) by extension 'colcon_meta'
[0.730s] Level 1:colcon.colcon_core.package_identification:_identify(src/px4_ros_com) by extensions ['ros']
[0.730s] Level 1:colcon.colcon_core.package_identification:_identify(src/px4_ros_com) by extension 'ros'
[0.732s] DEBUG:colcon.colcon_core.package_identification:Package 'src/px4_ros_com' with type 'ros.ament_cmake' and name 'px4_ros_com'
[0.732s] Level 1:colcon.colcon_core.package_discovery:discover_packages(recursive) using defaults
[0.732s] Level 1:colcon.colcon_core.package_discovery:discover_packages(ignore) discover
[0.732s] Level 1:colcon.colcon_core.package_discovery:discover_packages(ignore) using defaults
[0.732s] Level 1:colcon.colcon_core.package_discovery:discover_packages(path) discover
[0.732s] Level 1:colcon.colcon_core.package_discovery:discover_packages(path) using defaults
[0.768s] Level 5:colcon.colcon_core.verb:set package 'dron_nav_pkg' build argument 'cmake_args' from command line to 'None'
[0.768s] Level 5:colcon.colcon_core.verb:set package 'dron_nav_pkg' build argument 'cmake_target' from command line to 'None'
[0.768s] Level 5:colcon.colcon_core.verb:set package 'dron_nav_pkg' build argument 'cmake_target_skip_unavailable' from command line to 'False'
[0.768s] Level 5:colcon.colcon_core.verb:set package 'dron_nav_pkg' build argument 'cmake_clean_cache' from command line to 'False'
[0.768s] Level 5:colcon.colcon_core.verb:set package 'dron_nav_pkg' build argument 'cmake_clean_first' from command line to 'False'
[0.768s] Level 5:colcon.colcon_core.verb:set package 'dron_nav_pkg' build argument 'cmake_force_configure' from command line to 'False'
[0.768s] Level 5:colcon.colcon_core.verb:set package 'dron_nav_pkg' build argument 'ament_cmake_args' from command line to 'None'
[0.768s] Level 5:colcon.colcon_core.verb:set package 'dron_nav_pkg' build argument 'catkin_cmake_args' from command line to 'None'
[0.768s] Level 5:colcon.colcon_core.verb:set package 'dron_nav_pkg' build argument 'catkin_skip_building_tests' from command line to 'False'
[0.768s] DEBUG:colcon.colcon_core.verb:Building package 'dron_nav_pkg' with the following arguments: {'ament_cmake_args': None, 'build_base': '/home/px4/ros2/ws/build/dron_nav_pkg', 'catkin_cmake_args': None, 'catkin_skip_building_tests': False, 'cmake_args': None, 'cmake_clean_cache': False, 'cmake_clean_first': False, 'cmake_force_configure': False, 'cmake_target': None, 'cmake_target_skip_unavailable': False, 'install_base': '/home/px4/ros2/ws/install/dron_nav_pkg', 'merge_install': False, 'path': '/home/px4/ros2/ws/src/dron_nav_pkg', 'symlink_install': False, 'test_result_base': None}
[0.769s] Level 5:colcon.colcon_core.verb:set package 'px4_msgs' build argument 'cmake_args' from command line to 'None'
[0.769s] Level 5:colcon.colcon_core.verb:set package 'px4_msgs' build argument 'cmake_target' from command line to 'None'
[0.769s] Level 5:colcon.colcon_core.verb:set package 'px4_msgs' build argument 'cmake_target_skip_unavailable' from command line to 'False'
[0.769s] Level 5:colcon.colcon_core.verb:set package 'px4_msgs' build argument 'cmake_clean_cache' from command line to 'False'
[0.769s] Level 5:colcon.colcon_core.verb:set package 'px4_msgs' build argument 'cmake_clean_first' from command line to 'False'
[0.769s] Level 5:colcon.colcon_core.verb:set package 'px4_msgs' build argument 'cmake_force_configure' from command line to 'False'
[0.769s] Level 5:colcon.colcon_core.verb:set package 'px4_msgs' build argument 'ament_cmake_args' from command line to 'None'
[0.769s] Level 5:colcon.colcon_core.verb:set package 'px4_msgs' build argument 'catkin_cmake_args' from command line to 'None'
[0.769s] Level 5:colcon.colcon_core.verb:set package 'px4_msgs' build argument 'catkin_skip_building_tests' from command line to 'False'
[0.769s] DEBUG:colcon.colcon_core.verb:Building package 'px4_msgs' with the following arguments: {'ament_cmake_args': None, 'build_base': '/home/px4/ros2/ws/build/px4_msgs', 'catkin_cmake_args': None, 'catkin_skip_building_tests': False, 'cmake_args': None, 'cmake_clean_cache': False, 'cmake_clean_first': False, 'cmake_force_configure': False, 'cmake_target': None, 'cmake_target_skip_unavailable': False, 'install_base': '/home/px4/ros2/ws/install/px4_msgs', 'merge_install': False, 'path': '/home/px4/ros2/ws/src/px4_msgs', 'symlink_install': False, 'test_result_base': None}
[0.770s] Level 5:colcon.colcon_core.verb:set package 'px4_ros_com' build argument 'cmake_args' from command line to 'None'
[0.770s] Level 5:colcon.colcon_core.verb:set package 'px4_ros_com' build argument 'cmake_target' from command line to 'None'
[0.770s] Level 5:colcon.colcon_core.verb:set package 'px4_ros_com' build argument 'cmake_target_skip_unavailable' from command line to 'False'
[0.770s] Level 5:colcon.colcon_core.verb:set package 'px4_ros_com' build argument 'cmake_clean_cache' from command line to 'False'
[0.770s] Level 5:colcon.colcon_core.verb:set package 'px4_ros_com' build argument 'cmake_clean_first' from command line to 'False'
[0.770s] Level 5:colcon.colcon_core.verb:set package 'px4_ros_com' build argument 'cmake_force_configure' from command line to 'False'
[0.770s] Level 5:colcon.colcon_core.verb:set package 'px4_ros_com' build argument 'ament_cmake_args' from command line to 'None'
[0.770s] Level 5:colcon.colcon_core.verb:set package 'px4_ros_com' build argument 'catkin_cmake_args' from command line to 'None'
[0.770s] Level 5:colcon.colcon_core.verb:set package 'px4_ros_com' build argument 'catkin_skip_building_tests' from command line to 'False'
[0.770s] DEBUG:colcon.colcon_core.verb:Building package 'px4_ros_com' with the following arguments: {'ament_cmake_args': None, 'build_base': '/home/px4/ros2/ws/build/px4_ros_com', 'catkin_cmake_args': None, 'catkin_skip_building_tests': False, 'cmake_args': None, 'cmake_clean_cache': False, 'cmake_clean_first': False, 'cmake_force_configure': False, 'cmake_target': None, 'cmake_target_skip_unavailable': False, 'install_base': '/home/px4/ros2/ws/install/px4_ros_com', 'merge_install': False, 'path': '/home/px4/ros2/ws/src/px4_ros_com', 'symlink_install': False, 'test_result_base': None}
[0.770s] INFO:colcon.colcon_core.executor:Executing jobs using 'parallel' executor
[0.771s] DEBUG:colcon.colcon_parallel_executor.executor.parallel:run_until_complete
[0.772s] INFO:colcon.colcon_ros.task.ament_cmake.build:Building ROS package in '/home/px4/ros2/ws/src/px4_msgs' with build type 'ament_cmake'
[0.772s] INFO:colcon.colcon_cmake.task.cmake.build:Building CMake package in '/home/px4/ros2/ws/src/px4_msgs'
[0.778s] INFO:colcon.colcon_core.plugin_system:Skipping extension 'colcon_core.shell.bat': Not used on non-Windows systems
[0.778s] INFO:colcon.colcon_core.shell:Skip shell extension 'powershell' for command environment: Not usable outside of PowerShell
[0.778s] DEBUG:colcon.colcon_core.shell:Skip shell extension 'dsv' for command environment
[0.787s] INFO:colcon.colcon_ros.task.ament_python.build:Building ROS package in '/home/px4/ros2/ws/src/dron_nav_pkg' with build type 'ament_python'
[0.788s] Level 1:colcon.colcon_core.shell:create_environment_hook('dron_nav_pkg', 'ament_prefix_path')
[0.788s] INFO:colcon.colcon_core.shell:Creating environment hook '/home/px4/ros2/ws/install/dron_nav_pkg/share/dron_nav_pkg/hook/ament_prefix_path.ps1'
[0.789s] INFO:colcon.colcon_core.shell:Creating environment descriptor '/home/px4/ros2/ws/install/dron_nav_pkg/share/dron_nav_pkg/hook/ament_prefix_path.dsv'
[0.790s] INFO:colcon.colcon_core.shell:Creating environment hook '/home/px4/ros2/ws/install/dron_nav_pkg/share/dron_nav_pkg/hook/ament_prefix_path.sh'
[0.792s] INFO:colcon.colcon_core.shell:Skip shell extension 'powershell' for command environment: Not usable outside of PowerShell
[0.792s] DEBUG:colcon.colcon_core.shell:Skip shell extension 'dsv' for command environment
[0.800s] DEBUG:colcon.colcon_core.event_handler.log_command:Invoking command in '/home/px4/ros2/ws/build/px4_msgs': CMAKE_PREFIX_PATH=/opt/ros/humble /usr/bin/cmake --build /home/px4/ros2/ws/build/px4_msgs -- -j16 -l16
[1.152s] INFO:colcon.colcon_core.task.python.build:Building Python package in '/home/px4/ros2/ws/src/dron_nav_pkg'
[1.152s] INFO:colcon.colcon_core.shell:Skip shell extension 'powershell' for command environment: Not usable outside of PowerShell
[1.152s] DEBUG:colcon.colcon_core.shell:Skip shell extension 'dsv' for command environment
[1.699s] DEBUG:colcon.colcon_core.event_handler.log_command:Invoking command in '/home/px4/ros2/ws/src/dron_nav_pkg': PYTHONPATH=/home/px4/ros2/ws/build/dron_nav_pkg/prefix_override:/usr/lib/python3/dist-packages/colcon_core/task/python/colcon_distutils_commands:/home/px4/ros2/ws/install/dron_nav_pkg/lib/python3.10/site-packages:${PYTHONPATH} /usr/bin/python3 -W ignore:setup.py install is deprecated -W ignore:easy_install command is deprecated setup.py egg_info --egg-base ../../build/dron_nav_pkg build --build-base /home/px4/ros2/ws/build/dron_nav_pkg/build install --record /home/px4/ros2/ws/build/dron_nav_pkg/install.log --single-version-externally-managed install_data
[2.100s] DEBUG:colcon.colcon_core.event_handler.log_command:Invoked command in '/home/px4/ros2/ws/src/dron_nav_pkg' returned '0': PYTHONPATH=/home/px4/ros2/ws/build/dron_nav_pkg/prefix_override:/usr/lib/python3/dist-packages/colcon_core/task/python/colcon_distutils_commands:/home/px4/ros2/ws/install/dron_nav_pkg/lib/python3.10/site-packages:${PYTHONPATH} /usr/bin/python3 -W ignore:setup.py install is deprecated -W ignore:easy_install command is deprecated setup.py egg_info --egg-base ../../build/dron_nav_pkg build --build-base /home/px4/ros2/ws/build/dron_nav_pkg/build install --record /home/px4/ros2/ws/build/dron_nav_pkg/install.log --single-version-externally-managed install_data
[2.108s] Level 1:colcon.colcon_core.environment:checking '/home/px4/ros2/ws/install/dron_nav_pkg' for CMake module files
[2.109s] Level 1:colcon.colcon_core.environment:checking '/home/px4/ros2/ws/install/dron_nav_pkg' for CMake config files
[2.110s] Level 1:colcon.colcon_core.environment:checking '/home/px4/ros2/ws/install/dron_nav_pkg/lib'
[2.110s] Level 1:colcon.colcon_core.environment:checking '/home/px4/ros2/ws/install/dron_nav_pkg/bin'
[2.110s] Level 1:colcon.colcon_core.environment:checking '/home/px4/ros2/ws/install/dron_nav_pkg/lib/pkgconfig/dron_nav_pkg.pc'
[2.111s] Level 1:colcon.colcon_core.environment:checking '/home/px4/ros2/ws/install/dron_nav_pkg/lib/python3.10/site-packages'
[2.111s] Level 1:colcon.colcon_core.shell:create_environment_hook('dron_nav_pkg', 'pythonpath')
[2.111s] INFO:colcon.colcon_core.shell:Creating environment hook '/home/px4/ros2/ws/install/dron_nav_pkg/share/dron_nav_pkg/hook/pythonpath.ps1'
[2.112s] INFO:colcon.colcon_core.shell:Creating environment descriptor '/home/px4/ros2/ws/install/dron_nav_pkg/share/dron_nav_pkg/hook/pythonpath.dsv'
[2.113s] INFO:colcon.colcon_core.shell:Creating environment hook '/home/px4/ros2/ws/install/dron_nav_pkg/share/dron_nav_pkg/hook/pythonpath.sh'
[2.114s] Level 1:colcon.colcon_core.environment:checking '/home/px4/ros2/ws/install/dron_nav_pkg/bin'
[2.114s] Level 1:colcon.colcon_core.environment:create_environment_scripts_only(dron_nav_pkg)
[2.114s] INFO:colcon.colcon_core.shell:Creating package script '/home/px4/ros2/ws/install/dron_nav_pkg/share/dron_nav_pkg/package.ps1'
[2.116s] INFO:colcon.colcon_core.shell:Creating package descriptor '/home/px4/ros2/ws/install/dron_nav_pkg/share/dron_nav_pkg/package.dsv'
[2.117s] INFO:colcon.colcon_core.shell:Creating package script '/home/px4/ros2/ws/install/dron_nav_pkg/share/dron_nav_pkg/package.sh'
[2.118s] INFO:colcon.colcon_core.shell:Creating package script '/home/px4/ros2/ws/install/dron_nav_pkg/share/dron_nav_pkg/package.bash'
[2.120s] INFO:colcon.colcon_core.shell:Creating package script '/home/px4/ros2/ws/install/dron_nav_pkg/share/dron_nav_pkg/package.zsh'
[2.121s] Level 1:colcon.colcon_core.environment:create_file_with_runtime_dependencies(/home/px4/ros2/ws/install/dron_nav_pkg/share/colcon-core/packages/dron_nav_pkg)
[3.121s] DEBUG:colcon.colcon_core.event_handler.log_command:Invoked command in '/home/px4/ros2/ws/build/px4_msgs' returned '0': CMAKE_PREFIX_PATH=/opt/ros/humble /usr/bin/cmake --build /home/px4/ros2/ws/build/px4_msgs -- -j16 -l16
[3.137s] DEBUG:colcon.colcon_core.event_handler.log_command:Invoking command in '/home/px4/ros2/ws/build/px4_msgs': CMAKE_PREFIX_PATH=/opt/ros/humble /usr/bin/cmake --install /home/px4/ros2/ws/build/px4_msgs
[3.729s] Level 1:colcon.colcon_core.environment:create_environment_scripts_only(px4_msgs)
[3.729s] Level 1:colcon.colcon_core.environment:checking '/home/px4/ros2/ws/install/px4_msgs' for CMake module files
[3.730s] DEBUG:colcon.colcon_core.event_handler.log_command:Invoked command in '/home/px4/ros2/ws/build/px4_msgs' returned '0': CMAKE_PREFIX_PATH=/opt/ros/humble /usr/bin/cmake --install /home/px4/ros2/ws/build/px4_msgs
[3.731s] Level 1:colcon.colcon_core.environment:checking '/home/px4/ros2/ws/install/px4_msgs' for CMake config files
[3.733s] Level 1:colcon.colcon_core.shell:create_environment_hook('px4_msgs', 'cmake_prefix_path')
[3.733s] INFO:colcon.colcon_core.shell:Creating environment hook '/home/px4/ros2/ws/install/px4_msgs/share/px4_msgs/hook/cmake_prefix_path.ps1'
[3.734s] INFO:colcon.colcon_core.shell:Creating environment descriptor '/home/px4/ros2/ws/install/px4_msgs/share/px4_msgs/hook/cmake_prefix_path.dsv'
[3.734s] INFO:colcon.colcon_core.shell:Creating environment hook '/home/px4/ros2/ws/install/px4_msgs/share/px4_msgs/hook/cmake_prefix_path.sh'
[3.735s] Level 1:colcon.colcon_core.environment:checking '/home/px4/ros2/ws/install/px4_msgs/lib'
[3.736s] Level 1:colcon.colcon_core.shell:create_environment_hook('px4_msgs', 'ld_library_path_lib')
[3.736s] INFO:colcon.colcon_core.shell:Creating environment hook '/home/px4/ros2/ws/install/px4_msgs/share/px4_msgs/hook/ld_library_path_lib.ps1'
[3.736s] INFO:colcon.colcon_core.shell:Creating environment descriptor '/home/px4/ros2/ws/install/px4_msgs/share/px4_msgs/hook/ld_library_path_lib.dsv'
[3.737s] INFO:colcon.colcon_core.shell:Creating environment hook '/home/px4/ros2/ws/install/px4_msgs/share/px4_msgs/hook/ld_library_path_lib.sh'
[3.737s] Level 1:colcon.colcon_core.environment:checking '/home/px4/ros2/ws/install/px4_msgs/bin'
[3.738s] Level 1:colcon.colcon_core.environment:checking '/home/px4/ros2/ws/install/px4_msgs/lib/pkgconfig/px4_msgs.pc'
[3.738s] Level 1:colcon.colcon_core.environment:checking '/home/px4/ros2/ws/install/px4_msgs/lib/python3.10/site-packages'
[3.738s] Level 1:colcon.colcon_core.environment:checking '/home/px4/ros2/ws/install/px4_msgs/bin'
[3.739s] INFO:colcon.colcon_core.shell:Creating package script '/home/px4/ros2/ws/install/px4_msgs/share/px4_msgs/package.ps1'
[3.740s] INFO:colcon.colcon_core.shell:Creating package descriptor '/home/px4/ros2/ws/install/px4_msgs/share/px4_msgs/package.dsv'
[3.740s] INFO:colcon.colcon_core.shell:Creating package script '/home/px4/ros2/ws/install/px4_msgs/share/px4_msgs/package.sh'
[3.741s] INFO:colcon.colcon_core.shell:Creating package script '/home/px4/ros2/ws/install/px4_msgs/share/px4_msgs/package.bash'
[3.741s] INFO:colcon.colcon_core.shell:Creating package script '/home/px4/ros2/ws/install/px4_msgs/share/px4_msgs/package.zsh'
[3.742s] Level 1:colcon.colcon_core.environment:create_file_with_runtime_dependencies(/home/px4/ros2/ws/install/px4_msgs/share/colcon-core/packages/px4_msgs)
[3.743s] Level 1:colcon.colcon_core.environment:create_environment_scripts_only(px4_msgs)
[3.743s] Level 1:colcon.colcon_core.environment:checking '/home/px4/ros2/ws/install/px4_msgs' for CMake module files
[3.744s] Level 1:colcon.colcon_core.environment:checking '/home/px4/ros2/ws/install/px4_msgs' for CMake config files
[3.746s] Level 1:colcon.colcon_core.shell:create_environment_hook('px4_msgs', 'cmake_prefix_path')
[3.747s] INFO:colcon.colcon_core.shell:Creating environment hook '/home/px4/ros2/ws/install/px4_msgs/share/px4_msgs/hook/cmake_prefix_path.ps1'
[3.747s] INFO:colcon.colcon_core.shell:Creating environment descriptor '/home/px4/ros2/ws/install/px4_msgs/share/px4_msgs/hook/cmake_prefix_path.dsv'
[3.748s] INFO:colcon.colcon_core.shell:Creating environment hook '/home/px4/ros2/ws/install/px4_msgs/share/px4_msgs/hook/cmake_prefix_path.sh'
[3.749s] Level 1:colcon.colcon_core.environment:checking '/home/px4/ros2/ws/install/px4_msgs/lib'
[3.749s] Level 1:colcon.colcon_core.shell:create_environment_hook('px4_msgs', 'ld_library_path_lib')
[3.749s] INFO:colcon.colcon_core.shell:Creating environment hook '/home/px4/ros2/ws/install/px4_msgs/share/px4_msgs/hook/ld_library_path_lib.ps1'
[3.750s] INFO:colcon.colcon_core.shell:Creating environment descriptor '/home/px4/ros2/ws/install/px4_msgs/share/px4_msgs/hook/ld_library_path_lib.dsv'
[3.750s] INFO:colcon.colcon_core.shell:Creating environment hook '/home/px4/ros2/ws/install/px4_msgs/share/px4_msgs/hook/ld_library_path_lib.sh'
[3.751s] Level 1:colcon.colcon_core.environment:checking '/home/px4/ros2/ws/install/px4_msgs/bin'
[3.751s] Level 1:colcon.colcon_core.environment:checking '/home/px4/ros2/ws/install/px4_msgs/lib/pkgconfig/px4_msgs.pc'
[3.751s] Level 1:colcon.colcon_core.environment:checking '/home/px4/ros2/ws/install/px4_msgs/lib/python3.10/site-packages'
[3.751s] Level 1:colcon.colcon_core.environment:checking '/home/px4/ros2/ws/install/px4_msgs/bin'
[3.752s] INFO:colcon.colcon_core.shell:Creating package script '/home/px4/ros2/ws/install/px4_msgs/share/px4_msgs/package.ps1'
[3.753s] INFO:colcon.colcon_core.shell:Creating package descriptor '/home/px4/ros2/ws/install/px4_msgs/share/px4_msgs/package.dsv'
[3.754s] INFO:colcon.colcon_core.shell:Creating package script '/home/px4/ros2/ws/install/px4_msgs/share/px4_msgs/package.sh'
[3.755s] INFO:colcon.colcon_core.shell:Creating package script '/home/px4/ros2/ws/install/px4_msgs/share/px4_msgs/package.bash'
[3.755s] INFO:colcon.colcon_core.shell:Creating package script '/home/px4/ros2/ws/install/px4_msgs/share/px4_msgs/package.zsh'
[3.756s] Level 1:colcon.colcon_core.environment:create_file_with_runtime_dependencies(/home/px4/ros2/ws/install/px4_msgs/share/colcon-core/packages/px4_msgs)
[3.756s] INFO:colcon.colcon_ros.task.ament_cmake.build:Building ROS package in '/home/px4/ros2/ws/src/px4_ros_com' with build type 'ament_cmake'
[3.756s] INFO:colcon.colcon_cmake.task.cmake.build:Building CMake package in '/home/px4/ros2/ws/src/px4_ros_com'
[3.757s] INFO:colcon.colcon_core.shell:Skip shell extension 'powershell' for command environment: Not usable outside of PowerShell
[3.757s] DEBUG:colcon.colcon_core.shell:Skip shell extension 'dsv' for command environment
[3.772s] DEBUG:colcon.colcon_core.event_handler.log_command:Invoking command in '/home/px4/ros2/ws/build/px4_ros_com': AMENT_PREFIX_PATH=/home/px4/ros2/ws/install/px4_msgs:${AMENT_PREFIX_PATH} CMAKE_PREFIX_PATH=/home/px4/ros2/ws/install/px4_msgs:/opt/ros/humble LD_LIBRARY_PATH=/home/px4/ros2/ws/install/px4_msgs/lib:${LD_LIBRARY_PATH} PYTHONPATH=/home/px4/ros2/ws/install/px4_msgs/local/lib/python3.10/dist-packages:${PYTHONPATH} /usr/bin/cmake --build /home/px4/ros2/ws/build/px4_ros_com -- -j16 -l16
[4.272s] DEBUG:colcon.colcon_core.event_handler.log_command:Invoked command in '/home/px4/ros2/ws/build/px4_ros_com' returned '0': AMENT_PREFIX_PATH=/home/px4/ros2/ws/install/px4_msgs:${AMENT_PREFIX_PATH} CMAKE_PREFIX_PATH=/home/px4/ros2/ws/install/px4_msgs:/opt/ros/humble LD_LIBRARY_PATH=/home/px4/ros2/ws/install/px4_msgs/lib:${LD_LIBRARY_PATH} PYTHONPATH=/home/px4/ros2/ws/install/px4_msgs/local/lib/python3.10/dist-packages:${PYTHONPATH} /usr/bin/cmake --build /home/px4/ros2/ws/build/px4_ros_com -- -j16 -l16
[4.274s] DEBUG:colcon.colcon_core.event_handler.log_command:Invoking command in '/home/px4/ros2/ws/build/px4_ros_com': AMENT_PREFIX_PATH=/home/px4/ros2/ws/install/px4_msgs:${AMENT_PREFIX_PATH} CMAKE_PREFIX_PATH=/home/px4/ros2/ws/install/px4_msgs:/opt/ros/humble LD_LIBRARY_PATH=/home/px4/ros2/ws/install/px4_msgs/lib:${LD_LIBRARY_PATH} PYTHONPATH=/home/px4/ros2/ws/install/px4_msgs/local/lib/python3.10/dist-packages:${PYTHONPATH} /usr/bin/cmake --install /home/px4/ros2/ws/build/px4_ros_com
[4.346s] Level 1:colcon.colcon_core.environment:create_environment_scripts_only(px4_ros_com)
[4.347s] Level 1:colcon.colcon_core.environment:checking '/home/px4/ros2/ws/install/px4_ros_com' for CMake module files
[4.347s] DEBUG:colcon.colcon_core.event_handler.log_command:Invoked command in '/home/px4/ros2/ws/build/px4_ros_com' returned '0': AMENT_PREFIX_PATH=/home/px4/ros2/ws/install/px4_msgs:${AMENT_PREFIX_PATH} CMAKE_PREFIX_PATH=/home/px4/ros2/ws/install/px4_msgs:/opt/ros/humble LD_LIBRARY_PATH=/home/px4/ros2/ws/install/px4_msgs/lib:${LD_LIBRARY_PATH} PYTHONPATH=/home/px4/ros2/ws/install/px4_msgs/local/lib/python3.10/dist-packages:${PYTHONPATH} /usr/bin/cmake --install /home/px4/ros2/ws/build/px4_ros_com
[4.348s] Level 1:colcon.colcon_core.environment:checking '/home/px4/ros2/ws/install/px4_ros_com' for CMake config files
[4.348s] Level 1:colcon.colcon_core.shell:create_environment_hook('px4_ros_com', 'cmake_prefix_path')
[4.349s] INFO:colcon.colcon_core.shell:Creating environment hook '/home/px4/ros2/ws/install/px4_ros_com/share/px4_ros_com/hook/cmake_prefix_path.ps1'
[4.349s] INFO:colcon.colcon_core.shell:Creating environment descriptor '/home/px4/ros2/ws/install/px4_ros_com/share/px4_ros_com/hook/cmake_prefix_path.dsv'
[4.350s] INFO:colcon.colcon_core.shell:Creating environment hook '/home/px4/ros2/ws/install/px4_ros_com/share/px4_ros_com/hook/cmake_prefix_path.sh'
[4.351s] Level 1:colcon.colcon_core.environment:checking '/home/px4/ros2/ws/install/px4_ros_com/lib'
[4.351s] Level 1:colcon.colcon_core.shell:create_environment_hook('px4_ros_com', 'ld_library_path_lib')
[4.351s] INFO:colcon.colcon_core.shell:Creating environment hook '/home/px4/ros2/ws/install/px4_ros_com/share/px4_ros_com/hook/ld_library_path_lib.ps1'
[4.351s] INFO:colcon.colcon_core.shell:Creating environment descriptor '/home/px4/ros2/ws/install/px4_ros_com/share/px4_ros_com/hook/ld_library_path_lib.dsv'
[4.352s] INFO:colcon.colcon_core.shell:Creating environment hook '/home/px4/ros2/ws/install/px4_ros_com/share/px4_ros_com/hook/ld_library_path_lib.sh'
[4.353s] Level 1:colcon.colcon_core.environment:checking '/home/px4/ros2/ws/install/px4_ros_com/bin'
[4.353s] Level 1:colcon.colcon_core.environment:checking '/home/px4/ros2/ws/install/px4_ros_com/lib/pkgconfig/px4_ros_com.pc'
[4.353s] Level 1:colcon.colcon_core.environment:checking '/home/px4/ros2/ws/install/px4_ros_com/lib/python3.10/site-packages'
[4.354s] Level 1:colcon.colcon_core.environment:checking '/home/px4/ros2/ws/install/px4_ros_com/bin'
[4.354s] INFO:colcon.colcon_core.shell:Creating package script '/home/px4/ros2/ws/install/px4_ros_com/share/px4_ros_com/package.ps1'
[4.355s] INFO:colcon.colcon_core.shell:Creating package descriptor '/home/px4/ros2/ws/install/px4_ros_com/share/px4_ros_com/package.dsv'
[4.355s] INFO:colcon.colcon_core.shell:Creating package script '/home/px4/ros2/ws/install/px4_ros_com/share/px4_ros_com/package.sh'
[4.356s] INFO:colcon.colcon_core.shell:Creating package script '/home/px4/ros2/ws/install/px4_ros_com/share/px4_ros_com/package.bash'
[4.357s] INFO:colcon.colcon_core.shell:Creating package script '/home/px4/ros2/ws/install/px4_ros_com/share/px4_ros_com/package.zsh'
[4.357s] Level 1:colcon.colcon_core.environment:create_file_with_runtime_dependencies(/home/px4/ros2/ws/install/px4_ros_com/share/colcon-core/packages/px4_ros_com)
[4.358s] Level 1:colcon.colcon_core.environment:create_environment_scripts_only(px4_ros_com)
[4.359s] Level 1:colcon.colcon_core.environment:checking '/home/px4/ros2/ws/install/px4_ros_com' for CMake module files
[4.359s] Level 1:colcon.colcon_core.environment:checking '/home/px4/ros2/ws/install/px4_ros_com' for CMake config files
[4.360s] Level 1:colcon.colcon_core.shell:create_environment_hook('px4_ros_com', 'cmake_prefix_path')
[4.360s] INFO:colcon.colcon_core.shell:Creating environment hook '/home/px4/ros2/ws/install/px4_ros_com/share/px4_ros_com/hook/cmake_prefix_path.ps1'
[4.360s] INFO:colcon.colcon_core.shell:Creating environment descriptor '/home/px4/ros2/ws/install/px4_ros_com/share/px4_ros_com/hook/cmake_prefix_path.dsv'
[4.361s] INFO:colcon.colcon_core.shell:Creating environment hook '/home/px4/ros2/ws/install/px4_ros_com/share/px4_ros_com/hook/cmake_prefix_path.sh'
[4.362s] Level 1:colcon.colcon_core.environment:checking '/home/px4/ros2/ws/install/px4_ros_com/lib'
[4.362s] Level 1:colcon.colcon_core.shell:create_environment_hook('px4_ros_com', 'ld_library_path_lib')
[4.362s] INFO:colcon.colcon_core.shell:Creating environment hook '/home/px4/ros2/ws/install/px4_ros_com/share/px4_ros_com/hook/ld_library_path_lib.ps1'
[4.363s] INFO:colcon.colcon_core.shell:Creating environment descriptor '/home/px4/ros2/ws/install/px4_ros_com/share/px4_ros_com/hook/ld_library_path_lib.dsv'
[4.363s] INFO:colcon.colcon_core.shell:Creating environment hook '/home/px4/ros2/ws/install/px4_ros_com/share/px4_ros_com/hook/ld_library_path_lib.sh'
[4.364s] Level 1:colcon.colcon_core.environment:checking '/home/px4/ros2/ws/install/px4_ros_com/bin'
[4.364s] Level 1:colcon.colcon_core.environment:checking '/home/px4/ros2/ws/install/px4_ros_com/lib/pkgconfig/px4_ros_com.pc'
[4.364s] Level 1:colcon.colcon_core.environment:checking '/home/px4/ros2/ws/install/px4_ros_com/lib/python3.10/site-packages'
[4.364s] Level 1:colcon.colcon_core.environment:checking '/home/px4/ros2/ws/install/px4_ros_com/bin'
[4.365s] INFO:colcon.colcon_core.shell:Creating package script '/home/px4/ros2/ws/install/px4_ros_com/share/px4_ros_com/package.ps1'
[4.366s] INFO:colcon.colcon_core.shell:Creating package descriptor '/home/px4/ros2/ws/install/px4_ros_com/share/px4_ros_com/package.dsv'
[4.366s] INFO:colcon.colcon_core.shell:Creating package script '/home/px4/ros2/ws/install/px4_ros_com/share/px4_ros_com/package.sh'
[4.367s] INFO:colcon.colcon_core.shell:Creating package script '/home/px4/ros2/ws/install/px4_ros_com/share/px4_ros_com/package.bash'
[4.368s] INFO:colcon.colcon_core.shell:Creating package script '/home/px4/ros2/ws/install/px4_ros_com/share/px4_ros_com/package.zsh'
[4.368s] Level 1:colcon.colcon_core.environment:create_file_with_runtime_dependencies(/home/px4/ros2/ws/install/px4_ros_com/share/colcon-core/packages/px4_ros_com)
[4.368s] DEBUG:colcon.colcon_parallel_executor.executor.parallel:closing loop
[4.369s] DEBUG:colcon.colcon_parallel_executor.executor.parallel:loop closed
[4.369s] DEBUG:colcon.colcon_parallel_executor.executor.parallel:run_until_complete finished with '0'
[4.369s] DEBUG:colcon.colcon_core.event_reactor:joining thread
[4.381s] INFO:colcon.colcon_core.plugin_system:Skipping extension 'colcon_notification.desktop_notification.notify_send': Could not find 'notify-send'
[4.382s] INFO:colcon.colcon_core.plugin_system:Skipping extension 'colcon_notification.desktop_notification.terminal_notifier': Not used on non-Darwin systems
[4.382s] INFO:colcon.colcon_core.plugin_system:Skipping extension 'colcon_notification.desktop_notification.win32': Not used on non-Windows systems
[4.382s] INFO:colcon.colcon_notification.desktop_notification:Sending desktop notification using 'notify2'
[4.385s] DEBUG:colcon.colcon_notification.desktop_notification.notify2:Failed to initialize notify2: org.freedesktop.DBus.Error.Spawn.ExecFailed: /usr/bin/dbus-launch terminated abnormally without any error message
[4.386s] DEBUG:colcon.colcon_core.event_reactor:joined thread
[4.387s] INFO:colcon.colcon_core.shell:Creating prefix script '/home/px4/ros2/ws/install/local_setup.ps1'
[4.389s] INFO:colcon.colcon_core.shell:Creating prefix util module '/home/px4/ros2/ws/install/_local_setup_util_ps1.py'
[4.391s] INFO:colcon.colcon_core.shell:Creating prefix chain script '/home/px4/ros2/ws/install/setup.ps1'
[4.393s] INFO:colcon.colcon_core.shell:Creating prefix script '/home/px4/ros2/ws/install/local_setup.sh'
[4.394s] INFO:colcon.colcon_core.shell:Creating prefix util module '/home/px4/ros2/ws/install/_local_setup_util_sh.py'
[4.394s] INFO:colcon.colcon_core.shell:Creating prefix chain script '/home/px4/ros2/ws/install/setup.sh'
[4.396s] INFO:colcon.colcon_core.shell:Creating prefix script '/home/px4/ros2/ws/install/local_setup.bash'
[4.397s] INFO:colcon.colcon_core.shell:Creating prefix chain script '/home/px4/ros2/ws/install/setup.bash'
[4.399s] INFO:colcon.colcon_core.shell:Creating prefix script '/home/px4/ros2/ws/install/local_setup.zsh'
[4.400s] INFO:colcon.colcon_core.shell:Creating prefix chain script '/home/px4/ros2/ws/install/setup.zsh'
