[0.009s] Invoking command in '/home/px4/ros2/ws/build/px4_ros_com': AMENT_PREFIX_PATH=/home/px4/ros2/ws/install/px4_msgs:${AMENT_PREFIX_PATH} CMAKE_PREFIX_PATH=/home/px4/ros2/ws/install/px4_msgs:/opt/ros/humble LD_LIBRARY_PATH=/home/px4/ros2/ws/install/px4_msgs/lib:${LD_LIBRARY_PATH} PYTHONPATH=/home/px4/ros2/ws/install/px4_msgs/local/lib/python3.10/dist-packages:${PYTHONPATH} /usr/bin/cmake --build /home/px4/ros2/ws/build/px4_ros_com -- -j16 -l16
[0.041s] -- Found ament_cmake: 1.3.12 (/opt/ros/humble/share/ament_cmake/cmake)
[0.158s] -- Found builtin_interfaces: 1.2.2 (/opt/ros/humble/share/builtin_interfaces/cmake)
[0.187s] -- Found rosidl_generator_c: 3.1.7 (/opt/ros/humble/share/rosidl_generator_c/cmake)
[0.190s] -- Found rosidl_adapter: 3.1.7 (/opt/ros/humble/share/rosidl_adapter/cmake)
[0.197s] -- Found rosidl_generator_cpp: 3.1.7 (/opt/ros/humble/share/rosidl_generator_cpp/cmake)
[0.208s] -- Using all available rosidl_typesupport_c: rosidl_typesupport_fastrtps_c;rosidl_typesupport_introspection_c
[0.221s] -- Using all available rosidl_typesupport_cpp: rosidl_typesupport_fastrtps_cpp;rosidl_typesupport_introspection_cpp
[0.232s] -- Found eigen3_cmake_module: 0.1.1 (/opt/ros/humble/share/eigen3_cmake_module/cmake)
[0.234s] -- Found geometry_msgs: 4.9.0 (/opt/ros/humble/share/geometry_msgs/cmake)
[0.261s] -- Found px4_msgs: 2.0.1 (/home/px4/ros2/ws/install/px4_msgs/share/px4_msgs/cmake)
[0.272s] -- Found rclcpp: 16.0.14 (/opt/ros/humble/share/rclcpp/cmake)
[0.304s] -- Found rmw_implementation_cmake: 6.1.2 (/opt/ros/humble/share/rmw_implementation_cmake/cmake)
[0.306s] -- Found rmw_fastrtps_cpp: 6.2.8 (/opt/ros/humble/share/rmw_fastrtps_cpp/cmake)
[0.440s] -- Using RMW implementation 'rmw_fastrtps_cpp' as default
[0.478s] -- Found sensor_msgs: 4.9.0 (/opt/ros/humble/share/sensor_msgs/cmake)
[0.494s] -- Found rclpy: 3.3.17 (/opt/ros/humble/share/rclpy/cmake)
[0.500s] -- Found ament_lint_auto: 0.12.14 (/opt/ros/humble/share/ament_lint_auto/cmake)
[0.566s] -- Added test 'copyright' to check source files copyright and LICENSE
[0.571s] -- Added test 'cppcheck' to perform static code analysis on C / C++ code
[0.572s] -- Configured cppcheck include dirs: /home/px4/ros2/ws/src/px4_ros_com/include;$<BUILD_INTERFACE:/home/px4/ros2/ws/src/px4_ros_com/include/px4_ros_com>
[0.572s] -- Configured cppcheck exclude dirs and/or files: 
[0.577s] -- Added test 'cpplint' to check C / C++ code against the Google style
[0.577s] -- Configured cpplint exclude dirs and/or files: 
[0.578s] -- Added test 'flake8' to check Python code syntax and style conventions
[0.580s] -- Added test 'lint_cmake' to check CMake code style
[0.581s] -- Added test 'pep257' to check Python code against some of the docstring style conventions in PEP 257
[0.586s] -- Added test 'uncrustify' to check C / C++ code style
[0.586s] -- Configured uncrustify additional arguments: 
[0.587s] -- Added test 'xmllint' to check XML markup files
[0.589s] -- Configuring done
[0.621s] -- Generating done
[0.629s] -- Build files have been written to: /home/px4/ros2/ws/build/px4_ros_com
[0.656s] [35m[1mConsolidate compiler generated dependencies of target offboard_control[0m
[0.656s] [35m[1mConsolidate compiler generated dependencies of target frame_transforms[0m
[0.656s] [35m[1mConsolidate compiler generated dependencies of target debug_vect_advertiser[0m
[0.656s] [35m[1mConsolidate compiler generated dependencies of target offboard_control_srv[0m
[0.657s] [35m[1mConsolidate compiler generated dependencies of target sensor_combined_listener[0m
[0.658s] [35m[1mConsolidate compiler generated dependencies of target vehicle_gps_position_listener[0m
[0.673s] [  0%] Built target ament_cmake_python_copy_px4_ros_com
[0.681s] [ 50%] [32mBuilding CXX object CMakeFiles/frame_transforms.dir/src/lib/frame_transforms.cpp.o[0m
[0.681s] [ 50%] [32mBuilding CXX object CMakeFiles/offboard_control_srv.dir/src/examples/offboard/offboard_control_srv.cpp.o[0m
[0.681s] [ 50%] [32mBuilding CXX object CMakeFiles/sensor_combined_listener.dir/src/examples/listeners/sensor_combined_listener.cpp.o[0m
[0.681s] [ 50%] [32mBuilding CXX object CMakeFiles/vehicle_gps_position_listener.dir/src/examples/listeners/vehicle_gps_position_listener.cpp.o[0m
[0.681s] [ 50%] [32mBuilding CXX object CMakeFiles/debug_vect_advertiser.dir/src/examples/advertisers/debug_vect_advertiser.cpp.o[0m
[0.681s] [ 50%] [32mBuilding CXX object CMakeFiles/offboard_control.dir/src/examples/offboard/offboard_control.cpp.o[0m
[0.879s] running egg_info
[0.880s] writing px4_ros_com.egg-info/PKG-INFO
[0.880s] writing dependency_links to px4_ros_com.egg-info/dependency_links.txt
[0.880s] writing top-level names to px4_ros_com.egg-info/top_level.txt
[0.882s] reading manifest file 'px4_ros_com.egg-info/SOURCES.txt'
[0.883s] writing manifest file 'px4_ros_com.egg-info/SOURCES.txt'
[0.911s] [ 50%] Built target ament_cmake_python_build_px4_ros_com_egg
[4.868s] [ 58%] [32m[1mLinking CXX executable debug_vect_advertiser[0m
[5.066s] [ 58%] Built target debug_vect_advertiser
[5.518s] [ 66%] [32m[1mLinking CXX executable offboard_control[0m
[5.733s] [ 66%] Built target offboard_control
[6.223s] [ 75%] [32m[1mLinking CXX executable offboard_control_srv[0m
[6.428s] [ 75%] Built target offboard_control_srv
[7.094s] [ 83%] [32m[1mLinking CXX shared library libframe_transforms.so[0m
[7.318s] [ 83%] Built target frame_transforms
[8.062s] [ 91%] [32m[1mLinking CXX executable vehicle_gps_position_listener[0m
[8.136s] [100%] [32m[1mLinking CXX executable sensor_combined_listener[0m
[8.362s] [100%] Built target vehicle_gps_position_listener
[8.425s] [100%] Built target sensor_combined_listener
[8.436s] Invoked command in '/home/px4/ros2/ws/build/px4_ros_com' returned '0': AMENT_PREFIX_PATH=/home/px4/ros2/ws/install/px4_msgs:${AMENT_PREFIX_PATH} CMAKE_PREFIX_PATH=/home/px4/ros2/ws/install/px4_msgs:/opt/ros/humble LD_LIBRARY_PATH=/home/px4/ros2/ws/install/px4_msgs/lib:${LD_LIBRARY_PATH} PYTHONPATH=/home/px4/ros2/ws/install/px4_msgs/local/lib/python3.10/dist-packages:${PYTHONPATH} /usr/bin/cmake --build /home/px4/ros2/ws/build/px4_ros_com -- -j16 -l16
[8.437s] Invoking command in '/home/px4/ros2/ws/build/px4_ros_com': AMENT_PREFIX_PATH=/home/px4/ros2/ws/install/px4_msgs:${AMENT_PREFIX_PATH} CMAKE_PREFIX_PATH=/home/px4/ros2/ws/install/px4_msgs:/opt/ros/humble LD_LIBRARY_PATH=/home/px4/ros2/ws/install/px4_msgs/lib:${LD_LIBRARY_PATH} PYTHONPATH=/home/px4/ros2/ws/install/px4_msgs/local/lib/python3.10/dist-packages:${PYTHONPATH} /usr/bin/cmake --install /home/px4/ros2/ws/build/px4_ros_com
[8.444s] -- Install configuration: ""
[8.445s] -- Installing: /home/px4/ros2/ws/install/px4_ros_com/lib/px4_ros_com/sensor_combined_listener
[8.449s] -- Set runtime path of "/home/px4/ros2/ws/install/px4_ros_com/lib/px4_ros_com/sensor_combined_listener" to ""
[8.450s] -- Installing: /home/px4/ros2/ws/install/px4_ros_com/lib/px4_ros_com/vehicle_gps_position_listener
[8.455s] -- Set runtime path of "/home/px4/ros2/ws/install/px4_ros_com/lib/px4_ros_com/vehicle_gps_position_listener" to ""
[8.455s] -- Installing: /home/px4/ros2/ws/install/px4_ros_com/lib/px4_ros_com/debug_vect_advertiser
[8.457s] -- Set runtime path of "/home/px4/ros2/ws/install/px4_ros_com/lib/px4_ros_com/debug_vect_advertiser" to ""
[8.457s] -- Installing: /home/px4/ros2/ws/install/px4_ros_com/lib/px4_ros_com/offboard_control
[8.460s] -- Set runtime path of "/home/px4/ros2/ws/install/px4_ros_com/lib/px4_ros_com/offboard_control" to ""
[8.460s] -- Installing: /home/px4/ros2/ws/install/px4_ros_com/lib/px4_ros_com/offboard_control_srv
[8.463s] -- Set runtime path of "/home/px4/ros2/ws/install/px4_ros_com/lib/px4_ros_com/offboard_control_srv" to ""
[8.463s] -- Up-to-date: /home/px4/ros2/ws/install/px4_ros_com/share/px4_ros_com/environment/library_path.sh
[8.463s] -- Installing: /home/px4/ros2/ws/install/px4_ros_com/share/px4_ros_com/environment/library_path.dsv
[8.463s] -- Up-to-date: /home/px4/ros2/ws/install/px4_ros_com/include/px4_ros_com
[8.463s] -- Up-to-date: /home/px4/ros2/ws/install/px4_ros_com/include/px4_ros_com/frame_transforms.h
[8.464s] -- Installing: /home/px4/ros2/ws/install/px4_ros_com/lib/libframe_transforms.so
[8.469s] -- Set runtime path of "/home/px4/ros2/ws/install/px4_ros_com/lib/libframe_transforms.so" to ""
[8.469s] -- Up-to-date: /home/px4/ros2/ws/install/px4_ros_com/share/px4_ros_com//launch
[8.469s] -- Up-to-date: /home/px4/ros2/ws/install/px4_ros_com/share/px4_ros_com//launch/offboard_control_launch.yaml
[8.470s] -- Up-to-date: /home/px4/ros2/ws/install/px4_ros_com/share/px4_ros_com//launch/sensor_combined_listener.launch.py
[8.470s] -- Up-to-date: /home/px4/ros2/ws/install/px4_ros_com/share/px4_ros_com//test
[8.470s] -- Up-to-date: /home/px4/ros2/ws/install/px4_ros_com/share/px4_ros_com//test/pipeline_io_test.py
[8.470s] -- Up-to-date: /home/px4/ros2/ws/install/px4_ros_com/share/px4_ros_com//test/__init__.py
[8.470s] -- Up-to-date: /home/px4/ros2/ws/install/px4_ros_com/share/px4_ros_com//test/test_output.py
[8.470s] -- Up-to-date: /home/px4/ros2/ws/install/px4_ros_com/share/px4_ros_com//test/test_input.py
[8.470s] -- Up-to-date: /home/px4/ros2/ws/install/px4_ros_com/share/px4_ros_com/environment/pythonpath.sh
[8.470s] -- Installing: /home/px4/ros2/ws/install/px4_ros_com/share/px4_ros_com/environment/pythonpath.dsv
[8.470s] -- Up-to-date: /home/px4/ros2/ws/install/px4_ros_com/local/lib/python3.10/dist-packages/px4_ros_com-0.1.0-py3.10.egg-info
[8.470s] -- Installing: /home/px4/ros2/ws/install/px4_ros_com/local/lib/python3.10/dist-packages/px4_ros_com-0.1.0-py3.10.egg-info/top_level.txt
[8.470s] -- Installing: /home/px4/ros2/ws/install/px4_ros_com/local/lib/python3.10/dist-packages/px4_ros_com-0.1.0-py3.10.egg-info/dependency_links.txt
[8.471s] -- Installing: /home/px4/ros2/ws/install/px4_ros_com/local/lib/python3.10/dist-packages/px4_ros_com-0.1.0-py3.10.egg-info/SOURCES.txt
[8.471s] -- Installing: /home/px4/ros2/ws/install/px4_ros_com/local/lib/python3.10/dist-packages/px4_ros_com-0.1.0-py3.10.egg-info/PKG-INFO
[8.471s] -- Up-to-date: /home/px4/ros2/ws/install/px4_ros_com/local/lib/python3.10/dist-packages/px4_ros_com
[8.471s] -- Up-to-date: /home/px4/ros2/ws/install/px4_ros_com/local/lib/python3.10/dist-packages/px4_ros_com/__init__.py
[8.471s] -- Up-to-date: /home/px4/ros2/ws/install/px4_ros_com/local/lib/python3.10/dist-packages/px4_ros_com/module_to_import.py
[8.497s] Listing '/home/px4/ros2/ws/install/px4_ros_com/local/lib/python3.10/dist-packages/px4_ros_com'...
[8.500s] -- Up-to-date: /home/px4/ros2/ws/install/px4_ros_com/lib/px4_ros_com/offboard_control.py
[8.500s] -- Up-to-date: /home/px4/ros2/ws/install/px4_ros_com/share/ament_index/resource_index/package_run_dependencies/px4_ros_com
[8.500s] -- Up-to-date: /home/px4/ros2/ws/install/px4_ros_com/share/ament_index/resource_index/parent_prefix_path/px4_ros_com
[8.500s] -- Installing: /home/px4/ros2/ws/install/px4_ros_com/share/px4_ros_com/environment/ament_prefix_path.sh
[8.501s] -- Installing: /home/px4/ros2/ws/install/px4_ros_com/share/px4_ros_com/environment/ament_prefix_path.dsv
[8.501s] -- Installing: /home/px4/ros2/ws/install/px4_ros_com/share/px4_ros_com/environment/path.sh
[8.501s] -- Installing: /home/px4/ros2/ws/install/px4_ros_com/share/px4_ros_com/environment/path.dsv
[8.501s] -- Up-to-date: /home/px4/ros2/ws/install/px4_ros_com/share/px4_ros_com/local_setup.bash
[8.501s] -- Up-to-date: /home/px4/ros2/ws/install/px4_ros_com/share/px4_ros_com/local_setup.sh
[8.501s] -- Up-to-date: /home/px4/ros2/ws/install/px4_ros_com/share/px4_ros_com/local_setup.zsh
[8.501s] -- Installing: /home/px4/ros2/ws/install/px4_ros_com/share/px4_ros_com/local_setup.dsv
[8.502s] -- Installing: /home/px4/ros2/ws/install/px4_ros_com/share/px4_ros_com/package.dsv
[8.502s] -- Up-to-date: /home/px4/ros2/ws/install/px4_ros_com/share/ament_index/resource_index/packages/px4_ros_com
[8.502s] -- Up-to-date: /home/px4/ros2/ws/install/px4_ros_com/share/px4_ros_com/cmake/export_frame_transformsExport.cmake
[8.502s] -- Up-to-date: /home/px4/ros2/ws/install/px4_ros_com/share/px4_ros_com/cmake/export_frame_transformsExport-noconfig.cmake
[8.502s] -- Up-to-date: /home/px4/ros2/ws/install/px4_ros_com/share/px4_ros_com/cmake/ament_cmake_export_dependencies-extras.cmake
[8.502s] -- Up-to-date: /home/px4/ros2/ws/install/px4_ros_com/share/px4_ros_com/cmake/ament_cmake_export_targets-extras.cmake
[8.502s] -- Up-to-date: /home/px4/ros2/ws/install/px4_ros_com/share/px4_ros_com/cmake/ament_cmake_export_include_directories-extras.cmake
[8.502s] -- Up-to-date: /home/px4/ros2/ws/install/px4_ros_com/share/px4_ros_com/cmake/ament_cmake_export_libraries-extras.cmake
[8.502s] -- Up-to-date: /home/px4/ros2/ws/install/px4_ros_com/share/px4_ros_com/cmake/px4_ros_comConfig.cmake
[8.502s] -- Up-to-date: /home/px4/ros2/ws/install/px4_ros_com/share/px4_ros_com/cmake/px4_ros_comConfig-version.cmake
[8.502s] -- Up-to-date: /home/px4/ros2/ws/install/px4_ros_com/share/px4_ros_com/package.xml
[8.504s] Invoked command in '/home/px4/ros2/ws/build/px4_ros_com' returned '0': AMENT_PREFIX_PATH=/home/px4/ros2/ws/install/px4_msgs:${AMENT_PREFIX_PATH} CMAKE_PREFIX_PATH=/home/px4/ros2/ws/install/px4_msgs:/opt/ros/humble LD_LIBRARY_PATH=/home/px4/ros2/ws/install/px4_msgs/lib:${LD_LIBRARY_PATH} PYTHONPATH=/home/px4/ros2/ws/install/px4_msgs/local/lib/python3.10/dist-packages:${PYTHONPATH} /usr/bin/cmake --install /home/px4/ros2/ws/build/px4_ros_com
