[0.517s] Invoking command in '/home/px4/ros2/ws/src/dron_nav_pkg': PYTHONPATH=/home/px4/ros2/ws/build/dron_nav_pkg/prefix_override:/usr/lib/python3/dist-packages/colcon_core/task/python/colcon_distutils_commands:/home/px4/ros2/ws/install/dron_nav_pkg/lib/python3.10/site-packages:${PYTHONPATH} /usr/bin/python3 -W ignore:setup.py install is deprecated -W ignore:easy_install command is deprecated setup.py egg_info --egg-base ../../build/dron_nav_pkg build --build-base /home/px4/ros2/ws/build/dron_nav_pkg/build install --record /home/px4/ros2/ws/build/dron_nav_pkg/install.log --single-version-externally-managed install_data
[0.711s] running egg_info
[0.711s] writing ../../build/dron_nav_pkg/dron_nav_pkg.egg-info/PKG-INFO
[0.712s] writing dependency_links to ../../build/dron_nav_pkg/dron_nav_pkg.egg-info/dependency_links.txt
[0.713s] writing entry points to ../../build/dron_nav_pkg/dron_nav_pkg.egg-info/entry_points.txt
[0.713s] writing requirements to ../../build/dron_nav_pkg/dron_nav_pkg.egg-info/requires.txt
[0.714s] writing top-level names to ../../build/dron_nav_pkg/dron_nav_pkg.egg-info/top_level.txt
[0.719s] reading manifest file '../../build/dron_nav_pkg/dron_nav_pkg.egg-info/SOURCES.txt'
[0.719s] writing manifest file '../../build/dron_nav_pkg/dron_nav_pkg.egg-info/SOURCES.txt'
[0.720s] running build
[0.720s] running build_py
[0.720s] copying dron_nav_pkg/dron_nav_pkg.py -> /home/px4/ros2/ws/build/dron_nav_pkg/build/lib/dron_nav_pkg
[0.722s] running install
[0.723s] running install_lib
[0.725s] copying /home/px4/ros2/ws/build/dron_nav_pkg/build/lib/dron_nav_pkg/dron_nav_pkg.py -> /home/px4/ros2/ws/install/dron_nav_pkg/lib/python3.10/site-packages/dron_nav_pkg
[0.730s] byte-compiling /home/px4/ros2/ws/install/dron_nav_pkg/lib/python3.10/site-packages/dron_nav_pkg/dron_nav_pkg.py to dron_nav_pkg.cpython-310.pyc
[0.730s] running install_data
[0.731s] running install_egg_info
[0.735s] removing '/home/px4/ros2/ws/install/dron_nav_pkg/lib/python3.10/site-packages/dron_nav_pkg-0.0.0-py3.10.egg-info' (and everything under it)
[0.735s] Copying ../../build/dron_nav_pkg/dron_nav_pkg.egg-info to /home/px4/ros2/ws/install/dron_nav_pkg/lib/python3.10/site-packages/dron_nav_pkg-0.0.0-py3.10.egg-info
[0.738s] running install_scripts
[0.777s] Installing dron_nav_pkg script to /home/px4/ros2/ws/install/dron_nav_pkg/lib/dron_nav_pkg
[0.777s] writing list of installed files to '/home/px4/ros2/ws/build/dron_nav_pkg/install.log'
[0.844s] Invoked command in '/home/px4/ros2/ws/src/dron_nav_pkg' returned '0': PYTHONPATH=/home/px4/ros2/ws/build/dron_nav_pkg/prefix_override:/usr/lib/python3/dist-packages/colcon_core/task/python/colcon_distutils_commands:/home/px4/ros2/ws/install/dron_nav_pkg/lib/python3.10/site-packages:${PYTHONPATH} /usr/bin/python3 -W ignore:setup.py install is deprecated -W ignore:easy_install command is deprecated setup.py egg_info --egg-base ../../build/dron_nav_pkg build --build-base /home/px4/ros2/ws/build/dron_nav_pkg/build install --record /home/px4/ros2/ws/build/dron_nav_pkg/install.log --single-version-externally-managed install_data
