[0.157s] DEBUG:colcon:Command line arguments: ['/usr/bin/colcon', 'build']
[0.157s] DEBUG:colcon:Parsed command line arguments: Namespace(log_base=None, log_level=None, verb_name='build', build_base='build', install_base='install', merge_install=False, symlink_install=False, test_result_base=None, continue_on_error=False, executor='parallel', parallel_workers=16, event_handlers=None, ignore_user_meta=False, metas=['./colcon.meta'], base_paths=['.'], packages_ignore=None, packages_ignore_regex=None, paths=None, packages_up_to=None, packages_up_to_regex=None, packages_above=None, packages_above_and_dependencies=None, packages_above_depth=None, packages_select_by_dep=None, packages_skip_by_dep=None, packages_skip_up_to=None, packages_select_build_failed=False, packages_skip_build_finished=False, packages_select_test_failures=False, packages_skip_test_passed=False, packages_select=None, packages_skip=None, packages_select_regex=None, packages_skip_regex=None, packages_start=None, packages_end=None, cmake_args=None, cmake_target=None, cmake_target_skip_unavailable=False, cmake_clean_cache=False, cmake_clean_first=False, cmake_force_configure=False, ament_cmake_args=None, catkin_cmake_args=None, catkin_skip_building_tests=False, mixin_files=None, mixin=None, verb_parser=<colcon_mixin.mixin.mixin_argument.MixinArgumentDecorator object at 0x7ac986ce3ac0>, verb_extension=<colcon_core.verb.build.BuildVerb object at 0x7ac986ce3550>, main=<bound method BuildVerb.main of <colcon_core.verb.build.BuildVerb object at 0x7ac986ce3550>>, mixin_verb=('build',))
[0.336s] Level 1:colcon.colcon_core.package_discovery:discover_packages(colcon_meta) check parameters
[0.337s] INFO:colcon.colcon_metadata.package_discovery.colcon_meta:Using configuration from '/root/.colcon/metadata/default/Gazebo.meta'
[0.338s] INFO:colcon.colcon_metadata.package_discovery.colcon_meta:Using configuration from '/root/.colcon/metadata/default/fastdds.meta'
[0.338s] INFO:colcon.colcon_metadata.package_discovery.colcon_meta:Using configuration from '/root/.colcon/metadata/default/fastrtps.meta'
[0.338s] Level 1:colcon.colcon_core.package_discovery:discover_packages(recursive) check parameters
[0.339s] Level 1:colcon.colcon_core.package_discovery:discover_packages(ignore) check parameters
[0.339s] Level 1:colcon.colcon_core.package_discovery:discover_packages(path) check parameters
[0.339s] Level 1:colcon.colcon_core.package_discovery:discover_packages(colcon_meta) discover
[0.339s] Level 1:colcon.colcon_core.package_discovery:discover_packages(recursive) discover
[0.339s] INFO:colcon.colcon_core.package_discovery:Crawling recursively for packages in '/home/px4/ros2/ws'
[0.339s] Level 1:colcon.colcon_core.package_identification:_identify(.) by extensions ['ignore', 'ignore_ament_install']
[0.339s] Level 1:colcon.colcon_core.package_identification:_identify(.) by extension 'ignore'
[0.339s] Level 1:colcon.colcon_core.package_identification:_identify(.) by extension 'ignore_ament_install'
[0.339s] Level 1:colcon.colcon_core.package_identification:_identify(.) by extensions ['colcon_pkg']
[0.339s] Level 1:colcon.colcon_core.package_identification:_identify(.) by extension 'colcon_pkg'
[0.339s] Level 1:colcon.colcon_core.package_identification:_identify(.) by extensions ['colcon_meta']
[0.339s] Level 1:colcon.colcon_core.package_identification:_identify(.) by extension 'colcon_meta'
[0.339s] Level 1:colcon.colcon_core.package_identification:_identify(.) by extensions ['ros']
[0.339s] Level 1:colcon.colcon_core.package_identification:_identify(.) by extension 'ros'
[0.360s] Level 1:colcon.colcon_core.package_identification:_identify(.) by extensions ['cmake', 'python']
[0.360s] Level 1:colcon.colcon_core.package_identification:_identify(.) by extension 'cmake'
[0.360s] Level 1:colcon.colcon_core.package_identification:_identify(.) by extension 'python'
[0.360s] Level 1:colcon.colcon_core.package_identification:_identify(.) by extensions ['python_setup_py']
[0.360s] Level 1:colcon.colcon_core.package_identification:_identify(.) by extension 'python_setup_py'
[0.361s] Level 1:colcon.colcon_core.package_identification:_identify(build) by extensions ['ignore', 'ignore_ament_install']
[0.361s] Level 1:colcon.colcon_core.package_identification:_identify(build) by extension 'ignore'
[0.361s] Level 1:colcon.colcon_core.package_identification:_identify(build) ignored
[0.361s] Level 1:colcon.colcon_core.package_identification:_identify(install) by extensions ['ignore', 'ignore_ament_install']
[0.361s] Level 1:colcon.colcon_core.package_identification:_identify(install) by extension 'ignore'
[0.361s] Level 1:colcon.colcon_core.package_identification:_identify(install) ignored
[0.361s] Level 1:colcon.colcon_core.package_identification:_identify(log) by extensions ['ignore', 'ignore_ament_install']
[0.361s] Level 1:colcon.colcon_core.package_identification:_identify(log) by extension 'ignore'
[0.361s] Level 1:colcon.colcon_core.package_identification:_identify(log) ignored
[0.362s] Level 1:colcon.colcon_core.package_identification:_identify(src) by extensions ['ignore', 'ignore_ament_install']
[0.362s] Level 1:colcon.colcon_core.package_identification:_identify(src) by extension 'ignore'
[0.362s] Level 1:colcon.colcon_core.package_identification:_identify(src) by extension 'ignore_ament_install'
[0.362s] Level 1:colcon.colcon_core.package_identification:_identify(src) by extensions ['colcon_pkg']
[0.362s] Level 1:colcon.colcon_core.package_identification:_identify(src) by extension 'colcon_pkg'
[0.362s] Level 1:colcon.colcon_core.package_identification:_identify(src) by extensions ['colcon_meta']
[0.362s] Level 1:colcon.colcon_core.package_identification:_identify(src) by extension 'colcon_meta'
[0.362s] Level 1:colcon.colcon_core.package_identification:_identify(src) by extensions ['ros']
[0.362s] Level 1:colcon.colcon_core.package_identification:_identify(src) by extension 'ros'
[0.362s] Level 1:colcon.colcon_core.package_identification:_identify(src) by extensions ['cmake', 'python']
[0.362s] Level 1:colcon.colcon_core.package_identification:_identify(src) by extension 'cmake'
[0.362s] Level 1:colcon.colcon_core.package_identification:_identify(src) by extension 'python'
[0.362s] Level 1:colcon.colcon_core.package_identification:_identify(src) by extensions ['python_setup_py']
[0.362s] Level 1:colcon.colcon_core.package_identification:_identify(src) by extension 'python_setup_py'
[0.362s] Level 1:colcon.colcon_core.package_identification:_identify(src/dron_nav_pkg) by extensions ['ignore', 'ignore_ament_install']
[0.362s] Level 1:colcon.colcon_core.package_identification:_identify(src/dron_nav_pkg) by extension 'ignore'
[0.363s] Level 1:colcon.colcon_core.package_identification:_identify(src/dron_nav_pkg) by extension 'ignore_ament_install'
[0.363s] Level 1:colcon.colcon_core.package_identification:_identify(src/dron_nav_pkg) by extensions ['colcon_pkg']
[0.363s] Level 1:colcon.colcon_core.package_identification:_identify(src/dron_nav_pkg) by extension 'colcon_pkg'
[0.363s] Level 1:colcon.colcon_core.package_identification:_identify(src/dron_nav_pkg) by extensions ['colcon_meta']
[0.363s] Level 1:colcon.colcon_core.package_identification:_identify(src/dron_nav_pkg) by extension 'colcon_meta'
[0.363s] Level 1:colcon.colcon_core.package_identification:_identify(src/dron_nav_pkg) by extensions ['ros']
[0.363s] Level 1:colcon.colcon_core.package_identification:_identify(src/dron_nav_pkg) by extension 'ros'
[0.366s] DEBUG:colcon.colcon_core.package_identification:Package 'src/dron_nav_pkg' with type 'ros.ament_python' and name 'dron_nav_pkg'
[0.366s] Level 1:colcon.colcon_core.package_identification:_identify(src/px4_msgs) by extensions ['ignore', 'ignore_ament_install']
[0.366s] Level 1:colcon.colcon_core.package_identification:_identify(src/px4_msgs) by extension 'ignore'
[0.366s] Level 1:colcon.colcon_core.package_identification:_identify(src/px4_msgs) by extension 'ignore_ament_install'
[0.366s] Level 1:colcon.colcon_core.package_identification:_identify(src/px4_msgs) by extensions ['colcon_pkg']
[0.366s] Level 1:colcon.colcon_core.package_identification:_identify(src/px4_msgs) by extension 'colcon_pkg'
[0.366s] Level 1:colcon.colcon_core.package_identification:_identify(src/px4_msgs) by extensions ['colcon_meta']
[0.366s] Level 1:colcon.colcon_core.package_identification:_identify(src/px4_msgs) by extension 'colcon_meta'
[0.366s] Level 1:colcon.colcon_core.package_identification:_identify(src/px4_msgs) by extensions ['ros']
[0.366s] Level 1:colcon.colcon_core.package_identification:_identify(src/px4_msgs) by extension 'ros'
[0.367s] DEBUG:colcon.colcon_core.package_identification:Package 'src/px4_msgs' with type 'ros.ament_cmake' and name 'px4_msgs'
[0.367s] Level 1:colcon.colcon_core.package_identification:_identify(src/px4_ros_com) by extensions ['ignore', 'ignore_ament_install']
[0.367s] Level 1:colcon.colcon_core.package_identification:_identify(src/px4_ros_com) by extension 'ignore'
[0.367s] Level 1:colcon.colcon_core.package_identification:_identify(src/px4_ros_com) by extension 'ignore_ament_install'
[0.367s] Level 1:colcon.colcon_core.package_identification:_identify(src/px4_ros_com) by extensions ['colcon_pkg']
[0.368s] Level 1:colcon.colcon_core.package_identification:_identify(src/px4_ros_com) by extension 'colcon_pkg'
[0.368s] Level 1:colcon.colcon_core.package_identification:_identify(src/px4_ros_com) by extensions ['colcon_meta']
[0.368s] Level 1:colcon.colcon_core.package_identification:_identify(src/px4_ros_com) by extension 'colcon_meta'
[0.368s] Level 1:colcon.colcon_core.package_identification:_identify(src/px4_ros_com) by extensions ['ros']
[0.368s] Level 1:colcon.colcon_core.package_identification:_identify(src/px4_ros_com) by extension 'ros'
[0.369s] DEBUG:colcon.colcon_core.package_identification:Package 'src/px4_ros_com' with type 'ros.ament_cmake' and name 'px4_ros_com'
[0.369s] Level 1:colcon.colcon_core.package_discovery:discover_packages(recursive) using defaults
[0.369s] Level 1:colcon.colcon_core.package_discovery:discover_packages(ignore) discover
[0.369s] Level 1:colcon.colcon_core.package_discovery:discover_packages(ignore) using defaults
[0.369s] Level 1:colcon.colcon_core.package_discovery:discover_packages(path) discover
[0.369s] Level 1:colcon.colcon_core.package_discovery:discover_packages(path) using defaults
[0.390s] Level 5:colcon.colcon_core.verb:set package 'dron_nav_pkg' build argument 'cmake_args' from command line to 'None'
[0.390s] Level 5:colcon.colcon_core.verb:set package 'dron_nav_pkg' build argument 'cmake_target' from command line to 'None'
[0.390s] Level 5:colcon.colcon_core.verb:set package 'dron_nav_pkg' build argument 'cmake_target_skip_unavailable' from command line to 'False'
[0.390s] Level 5:colcon.colcon_core.verb:set package 'dron_nav_pkg' build argument 'cmake_clean_cache' from command line to 'False'
[0.390s] Level 5:colcon.colcon_core.verb:set package 'dron_nav_pkg' build argument 'cmake_clean_first' from command line to 'False'
[0.390s] Level 5:colcon.colcon_core.verb:set package 'dron_nav_pkg' build argument 'cmake_force_configure' from command line to 'False'
[0.390s] Level 5:colcon.colcon_core.verb:set package 'dron_nav_pkg' build argument 'ament_cmake_args' from command line to 'None'
[0.390s] Level 5:colcon.colcon_core.verb:set package 'dron_nav_pkg' build argument 'catkin_cmake_args' from command line to 'None'
[0.390s] Level 5:colcon.colcon_core.verb:set package 'dron_nav_pkg' build argument 'catkin_skip_building_tests' from command line to 'False'
[0.390s] DEBUG:colcon.colcon_core.verb:Building package 'dron_nav_pkg' with the following arguments: {'ament_cmake_args': None, 'build_base': '/home/px4/ros2/ws/build/dron_nav_pkg', 'catkin_cmake_args': None, 'catkin_skip_building_tests': False, 'cmake_args': None, 'cmake_clean_cache': False, 'cmake_clean_first': False, 'cmake_force_configure': False, 'cmake_target': None, 'cmake_target_skip_unavailable': False, 'install_base': '/home/px4/ros2/ws/install/dron_nav_pkg', 'merge_install': False, 'path': '/home/px4/ros2/ws/src/dron_nav_pkg', 'symlink_install': False, 'test_result_base': None}
[0.391s] Level 5:colcon.colcon_core.verb:set package 'px4_msgs' build argument 'cmake_args' from command line to 'None'
[0.391s] Level 5:colcon.colcon_core.verb:set package 'px4_msgs' build argument 'cmake_target' from command line to 'None'
[0.391s] Level 5:colcon.colcon_core.verb:set package 'px4_msgs' build argument 'cmake_target_skip_unavailable' from command line to 'False'
[0.391s] Level 5:colcon.colcon_core.verb:set package 'px4_msgs' build argument 'cmake_clean_cache' from command line to 'False'
[0.391s] Level 5:colcon.colcon_core.verb:set package 'px4_msgs' build argument 'cmake_clean_first' from command line to 'False'
[0.391s] Level 5:colcon.colcon_core.verb:set package 'px4_msgs' build argument 'cmake_force_configure' from command line to 'False'
[0.391s] Level 5:colcon.colcon_core.verb:set package 'px4_msgs' build argument 'ament_cmake_args' from command line to 'None'
[0.391s] Level 5:colcon.colcon_core.verb:set package 'px4_msgs' build argument 'catkin_cmake_args' from command line to 'None'
[0.391s] Level 5:colcon.colcon_core.verb:set package 'px4_msgs' build argument 'catkin_skip_building_tests' from command line to 'False'
[0.391s] DEBUG:colcon.colcon_core.verb:Building package 'px4_msgs' with the following arguments: {'ament_cmake_args': None, 'build_base': '/home/px4/ros2/ws/build/px4_msgs', 'catkin_cmake_args': None, 'catkin_skip_building_tests': False, 'cmake_args': None, 'cmake_clean_cache': False, 'cmake_clean_first': False, 'cmake_force_configure': False, 'cmake_target': None, 'cmake_target_skip_unavailable': False, 'install_base': '/home/px4/ros2/ws/install/px4_msgs', 'merge_install': False, 'path': '/home/px4/ros2/ws/src/px4_msgs', 'symlink_install': False, 'test_result_base': None}
[0.392s] Level 5:colcon.colcon_core.verb:set package 'px4_ros_com' build argument 'cmake_args' from command line to 'None'
[0.392s] Level 5:colcon.colcon_core.verb:set package 'px4_ros_com' build argument 'cmake_target' from command line to 'None'
[0.392s] Level 5:colcon.colcon_core.verb:set package 'px4_ros_com' build argument 'cmake_target_skip_unavailable' from command line to 'False'
[0.392s] Level 5:colcon.colcon_core.verb:set package 'px4_ros_com' build argument 'cmake_clean_cache' from command line to 'False'
[0.392s] Level 5:colcon.colcon_core.verb:set package 'px4_ros_com' build argument 'cmake_clean_first' from command line to 'False'
[0.392s] Level 5:colcon.colcon_core.verb:set package 'px4_ros_com' build argument 'cmake_force_configure' from command line to 'False'
[0.392s] Level 5:colcon.colcon_core.verb:set package 'px4_ros_com' build argument 'ament_cmake_args' from command line to 'None'
[0.392s] Level 5:colcon.colcon_core.verb:set package 'px4_ros_com' build argument 'catkin_cmake_args' from command line to 'None'
[0.392s] Level 5:colcon.colcon_core.verb:set package 'px4_ros_com' build argument 'catkin_skip_building_tests' from command line to 'False'
[0.392s] DEBUG:colcon.colcon_core.verb:Building package 'px4_ros_com' with the following arguments: {'ament_cmake_args': None, 'build_base': '/home/px4/ros2/ws/build/px4_ros_com', 'catkin_cmake_args': None, 'catkin_skip_building_tests': False, 'cmake_args': None, 'cmake_clean_cache': False, 'cmake_clean_first': False, 'cmake_force_configure': False, 'cmake_target': None, 'cmake_target_skip_unavailable': False, 'install_base': '/home/px4/ros2/ws/install/px4_ros_com', 'merge_install': False, 'path': '/home/px4/ros2/ws/src/px4_ros_com', 'symlink_install': False, 'test_result_base': None}
[0.392s] INFO:colcon.colcon_core.executor:Executing jobs using 'parallel' executor
[0.393s] DEBUG:colcon.colcon_parallel_executor.executor.parallel:run_until_complete
[0.394s] INFO:colcon.colcon_ros.task.ament_cmake.build:Building ROS package in '/home/px4/ros2/ws/src/px4_msgs' with build type 'ament_cmake'
[0.394s] INFO:colcon.colcon_cmake.task.cmake.build:Building CMake package in '/home/px4/ros2/ws/src/px4_msgs'
[0.397s] INFO:colcon.colcon_core.plugin_system:Skipping extension 'colcon_core.shell.bat': Not used on non-Windows systems
[0.397s] INFO:colcon.colcon_core.shell:Skip shell extension 'powershell' for command environment: Not usable outside of PowerShell
[0.397s] DEBUG:colcon.colcon_core.shell:Skip shell extension 'dsv' for command environment
[0.403s] INFO:colcon.colcon_ros.task.ament_python.build:Building ROS package in '/home/px4/ros2/ws/src/dron_nav_pkg' with build type 'ament_python'
[0.404s] Level 1:colcon.colcon_core.shell:create_environment_hook('dron_nav_pkg', 'ament_prefix_path')
[0.404s] INFO:colcon.colcon_core.shell:Creating environment hook '/home/px4/ros2/ws/install/dron_nav_pkg/share/dron_nav_pkg/hook/ament_prefix_path.ps1'
[0.405s] INFO:colcon.colcon_core.shell:Creating environment descriptor '/home/px4/ros2/ws/install/dron_nav_pkg/share/dron_nav_pkg/hook/ament_prefix_path.dsv'
[0.406s] INFO:colcon.colcon_core.shell:Creating environment hook '/home/px4/ros2/ws/install/dron_nav_pkg/share/dron_nav_pkg/hook/ament_prefix_path.sh'
[0.406s] INFO:colcon.colcon_core.shell:Skip shell extension 'powershell' for command environment: Not usable outside of PowerShell
[0.407s] DEBUG:colcon.colcon_core.shell:Skip shell extension 'dsv' for command environment
[0.417s] DEBUG:colcon.colcon_core.event_handler.log_command:Invoking command in '/home/px4/ros2/ws/build/px4_msgs': CMAKE_PREFIX_PATH=/opt/ros/humble /usr/bin/cmake --build /home/px4/ros2/ws/build/px4_msgs -- -j16 -l16
[0.703s] INFO:colcon.colcon_core.task.python.build:Building Python package in '/home/px4/ros2/ws/src/dron_nav_pkg'
[0.703s] INFO:colcon.colcon_core.shell:Skip shell extension 'powershell' for command environment: Not usable outside of PowerShell
[0.704s] DEBUG:colcon.colcon_core.shell:Skip shell extension 'dsv' for command environment
[1.108s] DEBUG:colcon.colcon_core.event_handler.log_command:Invoking command in '/home/px4/ros2/ws/src/dron_nav_pkg': PYTHONPATH=/home/px4/ros2/ws/build/dron_nav_pkg/prefix_override:/usr/lib/python3/dist-packages/colcon_core/task/python/colcon_distutils_commands:/home/px4/ros2/ws/install/dron_nav_pkg/lib/python3.10/site-packages:${PYTHONPATH} /usr/bin/python3 -W ignore:setup.py install is deprecated -W ignore:easy_install command is deprecated setup.py egg_info --egg-base ../../build/dron_nav_pkg build --build-base /home/px4/ros2/ws/build/dron_nav_pkg/build install --record /home/px4/ros2/ws/build/dron_nav_pkg/install.log --single-version-externally-managed install_data
[1.470s] DEBUG:colcon.colcon_core.event_handler.log_command:Invoked command in '/home/px4/ros2/ws/src/dron_nav_pkg' returned '0': PYTHONPATH=/home/px4/ros2/ws/build/dron_nav_pkg/prefix_override:/usr/lib/python3/dist-packages/colcon_core/task/python/colcon_distutils_commands:/home/px4/ros2/ws/install/dron_nav_pkg/lib/python3.10/site-packages:${PYTHONPATH} /usr/bin/python3 -W ignore:setup.py install is deprecated -W ignore:easy_install command is deprecated setup.py egg_info --egg-base ../../build/dron_nav_pkg build --build-base /home/px4/ros2/ws/build/dron_nav_pkg/build install --record /home/px4/ros2/ws/build/dron_nav_pkg/install.log --single-version-externally-managed install_data
[1.474s] Level 1:colcon.colcon_core.environment:checking '/home/px4/ros2/ws/install/dron_nav_pkg' for CMake module files
[1.475s] Level 1:colcon.colcon_core.environment:checking '/home/px4/ros2/ws/install/dron_nav_pkg' for CMake config files
[1.476s] Level 1:colcon.colcon_core.environment:checking '/home/px4/ros2/ws/install/dron_nav_pkg/lib'
[1.476s] Level 1:colcon.colcon_core.environment:checking '/home/px4/ros2/ws/install/dron_nav_pkg/bin'
[1.476s] Level 1:colcon.colcon_core.environment:checking '/home/px4/ros2/ws/install/dron_nav_pkg/lib/pkgconfig/dron_nav_pkg.pc'
[1.477s] Level 1:colcon.colcon_core.environment:checking '/home/px4/ros2/ws/install/dron_nav_pkg/lib/python3.10/site-packages'
[1.477s] Level 1:colcon.colcon_core.shell:create_environment_hook('dron_nav_pkg', 'pythonpath')
[1.477s] INFO:colcon.colcon_core.shell:Creating environment hook '/home/px4/ros2/ws/install/dron_nav_pkg/share/dron_nav_pkg/hook/pythonpath.ps1'
[1.478s] INFO:colcon.colcon_core.shell:Creating environment descriptor '/home/px4/ros2/ws/install/dron_nav_pkg/share/dron_nav_pkg/hook/pythonpath.dsv'
[1.479s] INFO:colcon.colcon_core.shell:Creating environment hook '/home/px4/ros2/ws/install/dron_nav_pkg/share/dron_nav_pkg/hook/pythonpath.sh'
[1.480s] Level 1:colcon.colcon_core.environment:checking '/home/px4/ros2/ws/install/dron_nav_pkg/bin'
[1.480s] Level 1:colcon.colcon_core.environment:create_environment_scripts_only(dron_nav_pkg)
[1.480s] INFO:colcon.colcon_core.shell:Creating package script '/home/px4/ros2/ws/install/dron_nav_pkg/share/dron_nav_pkg/package.ps1'
[1.482s] INFO:colcon.colcon_core.shell:Creating package descriptor '/home/px4/ros2/ws/install/dron_nav_pkg/share/dron_nav_pkg/package.dsv'
[1.483s] INFO:colcon.colcon_core.shell:Creating package script '/home/px4/ros2/ws/install/dron_nav_pkg/share/dron_nav_pkg/package.sh'
[1.488s] INFO:colcon.colcon_core.shell:Creating package script '/home/px4/ros2/ws/install/dron_nav_pkg/share/dron_nav_pkg/package.bash'
[1.489s] INFO:colcon.colcon_core.shell:Creating package script '/home/px4/ros2/ws/install/dron_nav_pkg/share/dron_nav_pkg/package.zsh'
[1.491s] Level 1:colcon.colcon_core.environment:create_file_with_runtime_dependencies(/home/px4/ros2/ws/install/dron_nav_pkg/share/colcon-core/packages/dron_nav_pkg)
[1.826s] DEBUG:colcon.colcon_core.event_handler.log_command:Invoked command in '/home/px4/ros2/ws/build/px4_msgs' returned '0': CMAKE_PREFIX_PATH=/opt/ros/humble /usr/bin/cmake --build /home/px4/ros2/ws/build/px4_msgs -- -j16 -l16
[1.840s] DEBUG:colcon.colcon_core.event_handler.log_command:Invoking command in '/home/px4/ros2/ws/build/px4_msgs': CMAKE_PREFIX_PATH=/opt/ros/humble /usr/bin/cmake --install /home/px4/ros2/ws/build/px4_msgs
[2.288s] Level 1:colcon.colcon_core.environment:create_environment_scripts_only(px4_msgs)
[2.288s] Level 1:colcon.colcon_core.environment:checking '/home/px4/ros2/ws/install/px4_msgs' for CMake module files
[2.289s] DEBUG:colcon.colcon_core.event_handler.log_command:Invoked command in '/home/px4/ros2/ws/build/px4_msgs' returned '0': CMAKE_PREFIX_PATH=/opt/ros/humble /usr/bin/cmake --install /home/px4/ros2/ws/build/px4_msgs
[2.290s] Level 1:colcon.colcon_core.environment:checking '/home/px4/ros2/ws/install/px4_msgs' for CMake config files
[2.292s] Level 1:colcon.colcon_core.shell:create_environment_hook('px4_msgs', 'cmake_prefix_path')
[2.292s] INFO:colcon.colcon_core.shell:Creating environment hook '/home/px4/ros2/ws/install/px4_msgs/share/px4_msgs/hook/cmake_prefix_path.ps1'
[2.293s] INFO:colcon.colcon_core.shell:Creating environment descriptor '/home/px4/ros2/ws/install/px4_msgs/share/px4_msgs/hook/cmake_prefix_path.dsv'
[2.293s] INFO:colcon.colcon_core.shell:Creating environment hook '/home/px4/ros2/ws/install/px4_msgs/share/px4_msgs/hook/cmake_prefix_path.sh'
[2.294s] Level 1:colcon.colcon_core.environment:checking '/home/px4/ros2/ws/install/px4_msgs/lib'
[2.294s] Level 1:colcon.colcon_core.shell:create_environment_hook('px4_msgs', 'ld_library_path_lib')
[2.294s] INFO:colcon.colcon_core.shell:Creating environment hook '/home/px4/ros2/ws/install/px4_msgs/share/px4_msgs/hook/ld_library_path_lib.ps1'
[2.295s] INFO:colcon.colcon_core.shell:Creating environment descriptor '/home/px4/ros2/ws/install/px4_msgs/share/px4_msgs/hook/ld_library_path_lib.dsv'
[2.295s] INFO:colcon.colcon_core.shell:Creating environment hook '/home/px4/ros2/ws/install/px4_msgs/share/px4_msgs/hook/ld_library_path_lib.sh'
[2.296s] Level 1:colcon.colcon_core.environment:checking '/home/px4/ros2/ws/install/px4_msgs/bin'
[2.296s] Level 1:colcon.colcon_core.environment:checking '/home/px4/ros2/ws/install/px4_msgs/lib/pkgconfig/px4_msgs.pc'
[2.296s] Level 1:colcon.colcon_core.environment:checking '/home/px4/ros2/ws/install/px4_msgs/lib/python3.10/site-packages'
[2.296s] Level 1:colcon.colcon_core.environment:checking '/home/px4/ros2/ws/install/px4_msgs/bin'
[2.297s] INFO:colcon.colcon_core.shell:Creating package script '/home/px4/ros2/ws/install/px4_msgs/share/px4_msgs/package.ps1'
[2.298s] INFO:colcon.colcon_core.shell:Creating package descriptor '/home/px4/ros2/ws/install/px4_msgs/share/px4_msgs/package.dsv'
[2.298s] INFO:colcon.colcon_core.shell:Creating package script '/home/px4/ros2/ws/install/px4_msgs/share/px4_msgs/package.sh'
[2.299s] INFO:colcon.colcon_core.shell:Creating package script '/home/px4/ros2/ws/install/px4_msgs/share/px4_msgs/package.bash'
[2.299s] INFO:colcon.colcon_core.shell:Creating package script '/home/px4/ros2/ws/install/px4_msgs/share/px4_msgs/package.zsh'
[2.300s] Level 1:colcon.colcon_core.environment:create_file_with_runtime_dependencies(/home/px4/ros2/ws/install/px4_msgs/share/colcon-core/packages/px4_msgs)
[2.301s] Level 1:colcon.colcon_core.environment:create_environment_scripts_only(px4_msgs)
[2.301s] Level 1:colcon.colcon_core.environment:checking '/home/px4/ros2/ws/install/px4_msgs' for CMake module files
[2.302s] Level 1:colcon.colcon_core.environment:checking '/home/px4/ros2/ws/install/px4_msgs' for CMake config files
[2.303s] Level 1:colcon.colcon_core.shell:create_environment_hook('px4_msgs', 'cmake_prefix_path')
[2.304s] INFO:colcon.colcon_core.shell:Creating environment hook '/home/px4/ros2/ws/install/px4_msgs/share/px4_msgs/hook/cmake_prefix_path.ps1'
[2.304s] INFO:colcon.colcon_core.shell:Creating environment descriptor '/home/px4/ros2/ws/install/px4_msgs/share/px4_msgs/hook/cmake_prefix_path.dsv'
[2.305s] INFO:colcon.colcon_core.shell:Creating environment hook '/home/px4/ros2/ws/install/px4_msgs/share/px4_msgs/hook/cmake_prefix_path.sh'
[2.305s] Level 1:colcon.colcon_core.environment:checking '/home/px4/ros2/ws/install/px4_msgs/lib'
[2.306s] Level 1:colcon.colcon_core.shell:create_environment_hook('px4_msgs', 'ld_library_path_lib')
[2.306s] INFO:colcon.colcon_core.shell:Creating environment hook '/home/px4/ros2/ws/install/px4_msgs/share/px4_msgs/hook/ld_library_path_lib.ps1'
[2.306s] INFO:colcon.colcon_core.shell:Creating environment descriptor '/home/px4/ros2/ws/install/px4_msgs/share/px4_msgs/hook/ld_library_path_lib.dsv'
[2.307s] INFO:colcon.colcon_core.shell:Creating environment hook '/home/px4/ros2/ws/install/px4_msgs/share/px4_msgs/hook/ld_library_path_lib.sh'
[2.307s] Level 1:colcon.colcon_core.environment:checking '/home/px4/ros2/ws/install/px4_msgs/bin'
[2.307s] Level 1:colcon.colcon_core.environment:checking '/home/px4/ros2/ws/install/px4_msgs/lib/pkgconfig/px4_msgs.pc'
[2.308s] Level 1:colcon.colcon_core.environment:checking '/home/px4/ros2/ws/install/px4_msgs/lib/python3.10/site-packages'
[2.308s] Level 1:colcon.colcon_core.environment:checking '/home/px4/ros2/ws/install/px4_msgs/bin'
[2.308s] INFO:colcon.colcon_core.shell:Creating package script '/home/px4/ros2/ws/install/px4_msgs/share/px4_msgs/package.ps1'
[2.309s] INFO:colcon.colcon_core.shell:Creating package descriptor '/home/px4/ros2/ws/install/px4_msgs/share/px4_msgs/package.dsv'
[2.310s] INFO:colcon.colcon_core.shell:Creating package script '/home/px4/ros2/ws/install/px4_msgs/share/px4_msgs/package.sh'
[2.310s] INFO:colcon.colcon_core.shell:Creating package script '/home/px4/ros2/ws/install/px4_msgs/share/px4_msgs/package.bash'
[2.311s] INFO:colcon.colcon_core.shell:Creating package script '/home/px4/ros2/ws/install/px4_msgs/share/px4_msgs/package.zsh'
[2.312s] Level 1:colcon.colcon_core.environment:create_file_with_runtime_dependencies(/home/px4/ros2/ws/install/px4_msgs/share/colcon-core/packages/px4_msgs)
[2.312s] INFO:colcon.colcon_ros.task.ament_cmake.build:Building ROS package in '/home/px4/ros2/ws/src/px4_ros_com' with build type 'ament_cmake'
[2.313s] INFO:colcon.colcon_cmake.task.cmake.build:Building CMake package in '/home/px4/ros2/ws/src/px4_ros_com'
[2.313s] INFO:colcon.colcon_core.shell:Skip shell extension 'powershell' for command environment: Not usable outside of PowerShell
[2.313s] DEBUG:colcon.colcon_core.shell:Skip shell extension 'dsv' for command environment
[2.326s] DEBUG:colcon.colcon_core.event_handler.log_command:Invoking command in '/home/px4/ros2/ws/build/px4_ros_com': AMENT_PREFIX_PATH=/home/px4/ros2/ws/install/px4_msgs:${AMENT_PREFIX_PATH} CMAKE_PREFIX_PATH=/home/px4/ros2/ws/install/px4_msgs:/opt/ros/humble LD_LIBRARY_PATH=/home/px4/ros2/ws/install/px4_msgs/lib:${LD_LIBRARY_PATH} PYTHONPATH=/home/px4/ros2/ws/install/px4_msgs/local/lib/python3.10/dist-packages:${PYTHONPATH} /usr/bin/cmake --build /home/px4/ros2/ws/build/px4_ros_com -- -j16 -l16
[2.723s] DEBUG:colcon.colcon_core.event_handler.log_command:Invoked command in '/home/px4/ros2/ws/build/px4_ros_com' returned '0': AMENT_PREFIX_PATH=/home/px4/ros2/ws/install/px4_msgs:${AMENT_PREFIX_PATH} CMAKE_PREFIX_PATH=/home/px4/ros2/ws/install/px4_msgs:/opt/ros/humble LD_LIBRARY_PATH=/home/px4/ros2/ws/install/px4_msgs/lib:${LD_LIBRARY_PATH} PYTHONPATH=/home/px4/ros2/ws/install/px4_msgs/local/lib/python3.10/dist-packages:${PYTHONPATH} /usr/bin/cmake --build /home/px4/ros2/ws/build/px4_ros_com -- -j16 -l16
[2.726s] DEBUG:colcon.colcon_core.event_handler.log_command:Invoking command in '/home/px4/ros2/ws/build/px4_ros_com': AMENT_PREFIX_PATH=/home/px4/ros2/ws/install/px4_msgs:${AMENT_PREFIX_PATH} CMAKE_PREFIX_PATH=/home/px4/ros2/ws/install/px4_msgs:/opt/ros/humble LD_LIBRARY_PATH=/home/px4/ros2/ws/install/px4_msgs/lib:${LD_LIBRARY_PATH} PYTHONPATH=/home/px4/ros2/ws/install/px4_msgs/local/lib/python3.10/dist-packages:${PYTHONPATH} /usr/bin/cmake --install /home/px4/ros2/ws/build/px4_ros_com
[2.784s] Level 1:colcon.colcon_core.environment:create_environment_scripts_only(px4_ros_com)
[2.784s] Level 1:colcon.colcon_core.environment:checking '/home/px4/ros2/ws/install/px4_ros_com' for CMake module files
[2.785s] DEBUG:colcon.colcon_core.event_handler.log_command:Invoked command in '/home/px4/ros2/ws/build/px4_ros_com' returned '0': AMENT_PREFIX_PATH=/home/px4/ros2/ws/install/px4_msgs:${AMENT_PREFIX_PATH} CMAKE_PREFIX_PATH=/home/px4/ros2/ws/install/px4_msgs:/opt/ros/humble LD_LIBRARY_PATH=/home/px4/ros2/ws/install/px4_msgs/lib:${LD_LIBRARY_PATH} PYTHONPATH=/home/px4/ros2/ws/install/px4_msgs/local/lib/python3.10/dist-packages:${PYTHONPATH} /usr/bin/cmake --install /home/px4/ros2/ws/build/px4_ros_com
[2.785s] Level 1:colcon.colcon_core.environment:checking '/home/px4/ros2/ws/install/px4_ros_com' for CMake config files
[2.786s] Level 1:colcon.colcon_core.shell:create_environment_hook('px4_ros_com', 'cmake_prefix_path')
[2.786s] INFO:colcon.colcon_core.shell:Creating environment hook '/home/px4/ros2/ws/install/px4_ros_com/share/px4_ros_com/hook/cmake_prefix_path.ps1'
[2.787s] INFO:colcon.colcon_core.shell:Creating environment descriptor '/home/px4/ros2/ws/install/px4_ros_com/share/px4_ros_com/hook/cmake_prefix_path.dsv'
[2.787s] INFO:colcon.colcon_core.shell:Creating environment hook '/home/px4/ros2/ws/install/px4_ros_com/share/px4_ros_com/hook/cmake_prefix_path.sh'
[2.788s] Level 1:colcon.colcon_core.environment:checking '/home/px4/ros2/ws/install/px4_ros_com/lib'
[2.788s] Level 1:colcon.colcon_core.shell:create_environment_hook('px4_ros_com', 'ld_library_path_lib')
[2.788s] INFO:colcon.colcon_core.shell:Creating environment hook '/home/px4/ros2/ws/install/px4_ros_com/share/px4_ros_com/hook/ld_library_path_lib.ps1'
[2.788s] INFO:colcon.colcon_core.shell:Creating environment descriptor '/home/px4/ros2/ws/install/px4_ros_com/share/px4_ros_com/hook/ld_library_path_lib.dsv'
[2.789s] INFO:colcon.colcon_core.shell:Creating environment hook '/home/px4/ros2/ws/install/px4_ros_com/share/px4_ros_com/hook/ld_library_path_lib.sh'
[2.789s] Level 1:colcon.colcon_core.environment:checking '/home/px4/ros2/ws/install/px4_ros_com/bin'
[2.789s] Level 1:colcon.colcon_core.environment:checking '/home/px4/ros2/ws/install/px4_ros_com/lib/pkgconfig/px4_ros_com.pc'
[2.790s] Level 1:colcon.colcon_core.environment:checking '/home/px4/ros2/ws/install/px4_ros_com/lib/python3.10/site-packages'
[2.790s] Level 1:colcon.colcon_core.environment:checking '/home/px4/ros2/ws/install/px4_ros_com/bin'
[2.790s] INFO:colcon.colcon_core.shell:Creating package script '/home/px4/ros2/ws/install/px4_ros_com/share/px4_ros_com/package.ps1'
[2.791s] INFO:colcon.colcon_core.shell:Creating package descriptor '/home/px4/ros2/ws/install/px4_ros_com/share/px4_ros_com/package.dsv'
[2.791s] INFO:colcon.colcon_core.shell:Creating package script '/home/px4/ros2/ws/install/px4_ros_com/share/px4_ros_com/package.sh'
[2.792s] INFO:colcon.colcon_core.shell:Creating package script '/home/px4/ros2/ws/install/px4_ros_com/share/px4_ros_com/package.bash'
[2.792s] INFO:colcon.colcon_core.shell:Creating package script '/home/px4/ros2/ws/install/px4_ros_com/share/px4_ros_com/package.zsh'
[2.793s] Level 1:colcon.colcon_core.environment:create_file_with_runtime_dependencies(/home/px4/ros2/ws/install/px4_ros_com/share/colcon-core/packages/px4_ros_com)
[2.793s] Level 1:colcon.colcon_core.environment:create_environment_scripts_only(px4_ros_com)
[2.793s] Level 1:colcon.colcon_core.environment:checking '/home/px4/ros2/ws/install/px4_ros_com' for CMake module files
[2.794s] Level 1:colcon.colcon_core.environment:checking '/home/px4/ros2/ws/install/px4_ros_com' for CMake config files
[2.794s] Level 1:colcon.colcon_core.shell:create_environment_hook('px4_ros_com', 'cmake_prefix_path')
[2.795s] INFO:colcon.colcon_core.shell:Creating environment hook '/home/px4/ros2/ws/install/px4_ros_com/share/px4_ros_com/hook/cmake_prefix_path.ps1'
[2.795s] INFO:colcon.colcon_core.shell:Creating environment descriptor '/home/px4/ros2/ws/install/px4_ros_com/share/px4_ros_com/hook/cmake_prefix_path.dsv'
[2.795s] INFO:colcon.colcon_core.shell:Creating environment hook '/home/px4/ros2/ws/install/px4_ros_com/share/px4_ros_com/hook/cmake_prefix_path.sh'
[2.796s] Level 1:colcon.colcon_core.environment:checking '/home/px4/ros2/ws/install/px4_ros_com/lib'
[2.796s] Level 1:colcon.colcon_core.shell:create_environment_hook('px4_ros_com', 'ld_library_path_lib')
[2.797s] INFO:colcon.colcon_core.shell:Creating environment hook '/home/px4/ros2/ws/install/px4_ros_com/share/px4_ros_com/hook/ld_library_path_lib.ps1'
[2.797s] INFO:colcon.colcon_core.shell:Creating environment descriptor '/home/px4/ros2/ws/install/px4_ros_com/share/px4_ros_com/hook/ld_library_path_lib.dsv'
[2.798s] INFO:colcon.colcon_core.shell:Creating environment hook '/home/px4/ros2/ws/install/px4_ros_com/share/px4_ros_com/hook/ld_library_path_lib.sh'
[2.798s] Level 1:colcon.colcon_core.environment:checking '/home/px4/ros2/ws/install/px4_ros_com/bin'
[2.798s] Level 1:colcon.colcon_core.environment:checking '/home/px4/ros2/ws/install/px4_ros_com/lib/pkgconfig/px4_ros_com.pc'
[2.799s] Level 1:colcon.colcon_core.environment:checking '/home/px4/ros2/ws/install/px4_ros_com/lib/python3.10/site-packages'
[2.799s] Level 1:colcon.colcon_core.environment:checking '/home/px4/ros2/ws/install/px4_ros_com/bin'
[2.799s] INFO:colcon.colcon_core.shell:Creating package script '/home/px4/ros2/ws/install/px4_ros_com/share/px4_ros_com/package.ps1'
[2.800s] INFO:colcon.colcon_core.shell:Creating package descriptor '/home/px4/ros2/ws/install/px4_ros_com/share/px4_ros_com/package.dsv'
[2.801s] INFO:colcon.colcon_core.shell:Creating package script '/home/px4/ros2/ws/install/px4_ros_com/share/px4_ros_com/package.sh'
[2.801s] INFO:colcon.colcon_core.shell:Creating package script '/home/px4/ros2/ws/install/px4_ros_com/share/px4_ros_com/package.bash'
[2.802s] INFO:colcon.colcon_core.shell:Creating package script '/home/px4/ros2/ws/install/px4_ros_com/share/px4_ros_com/package.zsh'
[2.802s] Level 1:colcon.colcon_core.environment:create_file_with_runtime_dependencies(/home/px4/ros2/ws/install/px4_ros_com/share/colcon-core/packages/px4_ros_com)
[2.802s] DEBUG:colcon.colcon_parallel_executor.executor.parallel:closing loop
[2.803s] DEBUG:colcon.colcon_parallel_executor.executor.parallel:loop closed
[2.803s] DEBUG:colcon.colcon_parallel_executor.executor.parallel:run_until_complete finished with '0'
[2.803s] DEBUG:colcon.colcon_core.event_reactor:joining thread
[2.810s] INFO:colcon.colcon_core.plugin_system:Skipping extension 'colcon_notification.desktop_notification.notify_send': Could not find 'notify-send'
[2.810s] INFO:colcon.colcon_core.plugin_system:Skipping extension 'colcon_notification.desktop_notification.terminal_notifier': Not used on non-Darwin systems
[2.810s] INFO:colcon.colcon_core.plugin_system:Skipping extension 'colcon_notification.desktop_notification.win32': Not used on non-Windows systems
[2.810s] INFO:colcon.colcon_notification.desktop_notification:Sending desktop notification using 'notify2'
[2.814s] DEBUG:colcon.colcon_notification.desktop_notification.notify2:Failed to initialize notify2: org.freedesktop.DBus.Error.Spawn.ExecFailed: /usr/bin/dbus-launch terminated abnormally without any error message
[2.814s] DEBUG:colcon.colcon_core.event_reactor:joined thread
[2.815s] INFO:colcon.colcon_core.shell:Creating prefix script '/home/px4/ros2/ws/install/local_setup.ps1'
[2.817s] INFO:colcon.colcon_core.shell:Creating prefix util module '/home/px4/ros2/ws/install/_local_setup_util_ps1.py'
[2.819s] INFO:colcon.colcon_core.shell:Creating prefix chain script '/home/px4/ros2/ws/install/setup.ps1'
[2.820s] INFO:colcon.colcon_core.shell:Creating prefix script '/home/px4/ros2/ws/install/local_setup.sh'
[2.821s] INFO:colcon.colcon_core.shell:Creating prefix util module '/home/px4/ros2/ws/install/_local_setup_util_sh.py'
[2.822s] INFO:colcon.colcon_core.shell:Creating prefix chain script '/home/px4/ros2/ws/install/setup.sh'
[2.823s] INFO:colcon.colcon_core.shell:Creating prefix script '/home/px4/ros2/ws/install/local_setup.bash'
[2.823s] INFO:colcon.colcon_core.shell:Creating prefix chain script '/home/px4/ros2/ws/install/setup.bash'
[2.824s] INFO:colcon.colcon_core.shell:Creating prefix script '/home/px4/ros2/ws/install/local_setup.zsh'
[2.825s] INFO:colcon.colcon_core.shell:Creating prefix chain script '/home/px4/ros2/ws/install/setup.zsh'
