running egg_info
creating ../../build/dron_nav_pkg/dron_nav_pkg.egg-info
writing ../../build/dron_nav_pkg/dron_nav_pkg.egg-info/PKG-INFO
writing dependency_links to ../../build/dron_nav_pkg/dron_nav_pkg.egg-info/dependency_links.txt
writing entry points to ../../build/dron_nav_pkg/dron_nav_pkg.egg-info/entry_points.txt
writing requirements to ../../build/dron_nav_pkg/dron_nav_pkg.egg-info/requires.txt
writing top-level names to ../../build/dron_nav_pkg/dron_nav_pkg.egg-info/top_level.txt
writing manifest file '../../build/dron_nav_pkg/dron_nav_pkg.egg-info/SOURCES.txt'
reading manifest file '../../build/dron_nav_pkg/dron_nav_pkg.egg-info/SOURCES.txt'
writing manifest file '../../build/dron_nav_pkg/dron_nav_pkg.egg-info/SOURCES.txt'
running build
running build_py
creating /home/px4/ros2/ws/build/dron_nav_pkg/build
creating /home/px4/ros2/ws/build/dron_nav_pkg/build/lib
creating /home/px4/ros2/ws/build/dron_nav_pkg/build/lib/dron_nav_pkg
copying dron_nav_pkg/dron_nav_pkg.py -> /home/px4/ros2/ws/build/dron_nav_pkg/build/lib/dron_nav_pkg
copying dron_nav_pkg/__init__.py -> /home/px4/ros2/ws/build/dron_nav_pkg/build/lib/dron_nav_pkg
running install
running install_lib
creating /home/px4/ros2/ws/install/dron_nav_pkg/lib/python3.10/site-packages/dron_nav_pkg
copying /home/px4/ros2/ws/build/dron_nav_pkg/build/lib/dron_nav_pkg/dron_nav_pkg.py -> /home/px4/ros2/ws/install/dron_nav_pkg/lib/python3.10/site-packages/dron_nav_pkg
copying /home/px4/ros2/ws/build/dron_nav_pkg/build/lib/dron_nav_pkg/__init__.py -> /home/px4/ros2/ws/install/dron_nav_pkg/lib/python3.10/site-packages/dron_nav_pkg
byte-compiling /home/px4/ros2/ws/install/dron_nav_pkg/lib/python3.10/site-packages/dron_nav_pkg/dron_nav_pkg.py to dron_nav_pkg.cpython-310.pyc
byte-compiling /home/px4/ros2/ws/install/dron_nav_pkg/lib/python3.10/site-packages/dron_nav_pkg/__init__.py to __init__.cpython-310.pyc
running install_data
creating /home/px4/ros2/ws/install/dron_nav_pkg/share/ament_index
creating /home/px4/ros2/ws/install/dron_nav_pkg/share/ament_index/resource_index
creating /home/px4/ros2/ws/install/dron_nav_pkg/share/ament_index/resource_index/packages
copying resource/dron_nav_pkg -> /home/px4/ros2/ws/install/dron_nav_pkg/share/ament_index/resource_index/packages
copying package.xml -> /home/px4/ros2/ws/install/dron_nav_pkg/share/dron_nav_pkg
running install_egg_info
Copying ../../build/dron_nav_pkg/dron_nav_pkg.egg-info to /home/px4/ros2/ws/install/dron_nav_pkg/lib/python3.10/site-packages/dron_nav_pkg-0.0.0-py3.10.egg-info
running install_scripts
Installing dron_nav_pkg script to /home/px4/ros2/ws/install/dron_nav_pkg/lib/dron_nav_pkg
writing list of installed files to '/home/px4/ros2/ws/build/dron_nav_pkg/install.log'
