[0.554s] Invoking command in '/home/px4/ros2/ws/src/dron_nav_pkg': PYTHONPATH=/home/px4/ros2/ws/build/dron_nav_pkg/prefix_override:/usr/lib/python3/dist-packages/colcon_core/task/python/colcon_distutils_commands:/home/px4/ros2/ws/install/dron_nav_pkg/lib/python3.10/site-packages:${PYTHONPATH} /usr/bin/python3 -W ignore:setup.py install is deprecated -W ignore:easy_install command is deprecated setup.py egg_info --egg-base ../../build/dron_nav_pkg build --build-base /home/px4/ros2/ws/build/dron_nav_pkg/build install --record /home/px4/ros2/ws/build/dron_nav_pkg/install.log --single-version-externally-managed install_data
[0.729s] running egg_info
[0.729s] creating ../../build/dron_nav_pkg/dron_nav_pkg.egg-info
[0.729s] writing ../../build/dron_nav_pkg/dron_nav_pkg.egg-info/PKG-INFO
[0.730s] writing dependency_links to ../../build/dron_nav_pkg/dron_nav_pkg.egg-info/dependency_links.txt
[0.730s] writing entry points to ../../build/dron_nav_pkg/dron_nav_pkg.egg-info/entry_points.txt
[0.730s] writing requirements to ../../build/dron_nav_pkg/dron_nav_pkg.egg-info/requires.txt
[0.730s] writing top-level names to ../../build/dron_nav_pkg/dron_nav_pkg.egg-info/top_level.txt
[0.730s] writing manifest file '../../build/dron_nav_pkg/dron_nav_pkg.egg-info/SOURCES.txt'
[0.731s] reading manifest file '../../build/dron_nav_pkg/dron_nav_pkg.egg-info/SOURCES.txt'
[0.732s] writing manifest file '../../build/dron_nav_pkg/dron_nav_pkg.egg-info/SOURCES.txt'
[0.732s] running build
[0.732s] running build_py
[0.732s] creating /home/px4/ros2/ws/build/dron_nav_pkg/build
[0.732s] creating /home/px4/ros2/ws/build/dron_nav_pkg/build/lib
[0.732s] creating /home/px4/ros2/ws/build/dron_nav_pkg/build/lib/dron_nav_pkg
[0.732s] copying dron_nav_pkg/dron_nav_pkg.py -> /home/px4/ros2/ws/build/dron_nav_pkg/build/lib/dron_nav_pkg
[0.732s] copying dron_nav_pkg/__init__.py -> /home/px4/ros2/ws/build/dron_nav_pkg/build/lib/dron_nav_pkg
[0.733s] running install
[0.733s] running install_lib
[0.733s] creating /home/px4/ros2/ws/install/dron_nav_pkg/lib/python3.10/site-packages/dron_nav_pkg
[0.733s] copying /home/px4/ros2/ws/build/dron_nav_pkg/build/lib/dron_nav_pkg/dron_nav_pkg.py -> /home/px4/ros2/ws/install/dron_nav_pkg/lib/python3.10/site-packages/dron_nav_pkg
[0.733s] copying /home/px4/ros2/ws/build/dron_nav_pkg/build/lib/dron_nav_pkg/__init__.py -> /home/px4/ros2/ws/install/dron_nav_pkg/lib/python3.10/site-packages/dron_nav_pkg
[0.734s] byte-compiling /home/px4/ros2/ws/install/dron_nav_pkg/lib/python3.10/site-packages/dron_nav_pkg/dron_nav_pkg.py to dron_nav_pkg.cpython-310.pyc
[0.735s] byte-compiling /home/px4/ros2/ws/install/dron_nav_pkg/lib/python3.10/site-packages/dron_nav_pkg/__init__.py to __init__.cpython-310.pyc
[0.735s] running install_data
[0.735s] creating /home/px4/ros2/ws/install/dron_nav_pkg/share/ament_index
[0.735s] creating /home/px4/ros2/ws/install/dron_nav_pkg/share/ament_index/resource_index
[0.735s] creating /home/px4/ros2/ws/install/dron_nav_pkg/share/ament_index/resource_index/packages
[0.735s] copying resource/dron_nav_pkg -> /home/px4/ros2/ws/install/dron_nav_pkg/share/ament_index/resource_index/packages
[0.735s] copying package.xml -> /home/px4/ros2/ws/install/dron_nav_pkg/share/dron_nav_pkg
[0.735s] running install_egg_info
[0.737s] Copying ../../build/dron_nav_pkg/dron_nav_pkg.egg-info to /home/px4/ros2/ws/install/dron_nav_pkg/lib/python3.10/site-packages/dron_nav_pkg-0.0.0-py3.10.egg-info
[0.737s] running install_scripts
[0.753s] Installing dron_nav_pkg script to /home/px4/ros2/ws/install/dron_nav_pkg/lib/dron_nav_pkg
[0.753s] writing list of installed files to '/home/px4/ros2/ws/build/dron_nav_pkg/install.log'
[0.772s] Invoked command in '/home/px4/ros2/ws/src/dron_nav_pkg' returned '0': PYTHONPATH=/home/px4/ros2/ws/build/dron_nav_pkg/prefix_override:/usr/lib/python3/dist-packages/colcon_core/task/python/colcon_distutils_commands:/home/px4/ros2/ws/install/dron_nav_pkg/lib/python3.10/site-packages:${PYTHONPATH} /usr/bin/python3 -W ignore:setup.py install is deprecated -W ignore:easy_install command is deprecated setup.py egg_info --egg-base ../../build/dron_nav_pkg build --build-base /home/px4/ros2/ws/build/dron_nav_pkg/build install --record /home/px4/ros2/ws/build/dron_nav_pkg/install.log --single-version-externally-managed install_data
